This is pdfTeX, Version 3.14159265-2.6-1.40.16 (TeX Live 2015) (preloaded format=pdflatex 2015.12.17)  4 MAY 2018 14:22
entering extended mode
 restricted \write18 enabled.
 file:line:error style messages enabled.
 %&-line parsing enabled.
**_ExperimentsLot2.tex
(./_ExperimentsLot2.tex
LaTeX2e <2015/01/01>
Babel <3.9l> and hyphenation patterns for 79 languages loaded.
(/usr/local/texlive/2015/texmf-dist/tex/latex/base/article.cls
Document Class: article 2014/09/29 v1.4h Standard LaTeX document class
(/usr/local/texlive/2015/texmf-dist/tex/latex/base/size11.clo
File: size11.clo 2014/09/29 v1.4h Standard LaTeX file (size option)
)
\c@part=\count79
\c@section=\count80
\c@subsection=\count81
\c@subsubsection=\count82
\c@paragraph=\count83
\c@subparagraph=\count84
\c@figure=\count85
\c@table=\count86
\abovecaptionskip=\skip41
\belowcaptionskip=\skip42
\bibindent=\dimen102
)
(/usr/local/texlive/2015/texmf-dist/tex/latex/geometry/geometry.sty
Package: geometry 2010/09/12 v5.6 Page Geometry

(/usr/local/texlive/2015/texmf-dist/tex/latex/graphics/keyval.sty
Package: keyval 2014/10/28 v1.15 key=value parser (DPC)
\KV@toks@=\toks14
)
(/usr/local/texlive/2015/texmf-dist/tex/generic/oberdiek/ifpdf.sty
Package: ifpdf 2011/01/30 v2.3 Provides the ifpdf switch (HO)
Package ifpdf Info: pdfTeX in PDF mode is detected.
)
(/usr/local/texlive/2015/texmf-dist/tex/generic/oberdiek/ifvtex.sty
Package: ifvtex 2010/03/01 v1.5 Detect VTeX and its facilities (HO)
Package ifvtex Info: VTeX not detected.
)
(/usr/local/texlive/2015/texmf-dist/tex/generic/ifxetex/ifxetex.sty
Package: ifxetex 2010/09/12 v0.6 Provides ifxetex conditional
)
\Gm@cnth=\count87
\Gm@cntv=\count88
\c@Gm@tempcnt=\count89
\Gm@bindingoffset=\dimen103
\Gm@wd@mp=\dimen104
\Gm@odd@mp=\dimen105
\Gm@even@mp=\dimen106
\Gm@layoutwidth=\dimen107
\Gm@layoutheight=\dimen108
\Gm@layouthoffset=\dimen109
\Gm@layoutvoffset=\dimen110
\Gm@dimlist=\toks15
)
(/usr/local/texlive/2015/texmf-dist/tex/latex/amsmath/amsmath.sty
Package: amsmath 2013/01/14 v2.14 AMS math features
\@mathmargin=\skip43

For additional information on amsmath, use the `?' option.
(/usr/local/texlive/2015/texmf-dist/tex/latex/amsmath/amstext.sty
Package: amstext 2000/06/29 v2.01

(/usr/local/texlive/2015/texmf-dist/tex/latex/amsmath/amsgen.sty
File: amsgen.sty 1999/11/30 v2.0
\@emptytoks=\toks16
\ex@=\dimen111
))
(/usr/local/texlive/2015/texmf-dist/tex/latex/amsmath/amsbsy.sty
Package: amsbsy 1999/11/29 v1.2d
\pmbraise@=\dimen112
)
(/usr/local/texlive/2015/texmf-dist/tex/latex/amsmath/amsopn.sty
Package: amsopn 1999/12/14 v2.01 operator names
)
\inf@bad=\count90
LaTeX Info: Redefining \frac on input line 210.
\uproot@=\count91
\leftroot@=\count92
LaTeX Info: Redefining \overline on input line 306.
\classnum@=\count93
\DOTSCASE@=\count94
LaTeX Info: Redefining \ldots on input line 378.
LaTeX Info: Redefining \dots on input line 381.
LaTeX Info: Redefining \cdots on input line 466.
\Mathstrutbox@=\box26
\strutbox@=\box27
\big@size=\dimen113
LaTeX Font Info:    Redeclaring font encoding OML on input line 566.
LaTeX Font Info:    Redeclaring font encoding OMS on input line 567.
\macc@depth=\count95
\c@MaxMatrixCols=\count96
\dotsspace@=\muskip10
\c@parentequation=\count97
\dspbrk@lvl=\count98
\tag@help=\toks17
\row@=\count99
\column@=\count100
\maxfields@=\count101
\andhelp@=\toks18
\eqnshift@=\dimen114
\alignsep@=\dimen115
\tagshift@=\dimen116
\tagwidth@=\dimen117
\totwidth@=\dimen118
\lineht@=\dimen119
\@envbody=\toks19
\multlinegap=\skip44
\multlinetaggap=\skip45
\mathdisplay@stack=\toks20
LaTeX Info: Redefining \[ on input line 2665.
LaTeX Info: Redefining \] on input line 2666.
)
(/usr/local/texlive/2015/texmf-dist/tex/latex/amsfonts/amsfonts.sty
Package: amsfonts 2013/01/14 v3.01 Basic AMSFonts support
\symAMSa=\mathgroup4
\symAMSb=\mathgroup5
LaTeX Font Info:    Overwriting math alphabet `\mathfrak' in version `bold'
(Font)                  U/euf/m/n --> U/euf/b/n on input line 106.
)
(/usr/local/texlive/2015/texmf-dist/tex/latex/graphics/graphicx.sty
Package: graphicx 2014/10/28 v1.0g Enhanced LaTeX Graphics (DPC,SPQR)

(/usr/local/texlive/2015/texmf-dist/tex/latex/graphics/graphics.sty
Package: graphics 2014/10/28 v1.0p Standard LaTeX Graphics (DPC,SPQR)

(/usr/local/texlive/2015/texmf-dist/tex/latex/graphics/trig.sty
Package: trig 1999/03/16 v1.09 sin cos tan (DPC)
)
(/usr/local/texlive/2015/texmf-dist/tex/latex/latexconfig/graphics.cfg
File: graphics.cfg 2010/04/23 v1.9 graphics configuration of TeX Live
)
Package graphics Info: Driver file: pdftex.def on input line 94.

(/usr/local/texlive/2015/texmf-dist/tex/latex/pdftex-def/pdftex.def
File: pdftex.def 2011/05/27 v0.06d Graphics/color for pdfTeX

(/usr/local/texlive/2015/texmf-dist/tex/generic/oberdiek/infwarerr.sty
Package: infwarerr 2010/04/08 v1.3 Providing info/warning/error messages (HO)
)
(/usr/local/texlive/2015/texmf-dist/tex/generic/oberdiek/ltxcmds.sty
Package: ltxcmds 2011/11/09 v1.22 LaTeX kernel commands for general use (HO)
)
\Gread@gobject=\count102
))
\Gin@req@height=\dimen120
\Gin@req@width=\dimen121
)
(/usr/local/texlive/2015/texmf-dist/tex/latex/booktabs/booktabs.sty
Package: booktabs 2005/04/14 v1.61803 publication quality tables
\heavyrulewidth=\dimen122
\lightrulewidth=\dimen123
\cmidrulewidth=\dimen124
\belowrulesep=\dimen125
\belowbottomsep=\dimen126
\aboverulesep=\dimen127
\abovetopsep=\dimen128
\cmidrulesep=\dimen129
\cmidrulekern=\dimen130
\defaultaddspace=\dimen131
\@cmidla=\count103
\@cmidlb=\count104
\@aboverulesep=\dimen132
\@belowrulesep=\dimen133
\@thisruleclass=\count105
\@lastruleclass=\count106
\@thisrulewidth=\dimen134
)
(/usr/local/texlive/2015/texmf-dist/tex/latex/tools/array.sty
Package: array 2014/10/28 v2.4c Tabular extension package (FMi)
\col@sep=\dimen135
\extrarowheight=\dimen136
\NC@list=\toks21
\extratabsurround=\skip46
\backup@length=\skip47
)
(/usr/local/texlive/2015/texmf-dist/tex/latex/paralist/paralist.sty
Package: paralist 2013/06/09 v2.4 Extended list environments
\pltopsep=\skip48
\plpartopsep=\skip49
\plitemsep=\skip50
\plparsep=\skip51
\pl@lab=\toks22
)
(/usr/local/texlive/2015/texmf-dist/tex/latex/tools/verbatim.sty
Package: verbatim 2014/10/28 v1.5q LaTeX2e package for verbatim enhancements
\every@verbatim=\toks23
\verbatim@line=\toks24
\verbatim@in@stream=\read1
)
(/usr/local/texlive/2015/texmf-dist/tex/latex/subfig/subfig.sty
Package: subfig 2005/06/28 ver: 1.3 subfig package

(/usr/local/texlive/2015/texmf-dist/tex/latex/caption/caption.sty
Package: caption 2013/05/02 v3.3-89 Customizing captions (AR)

(/usr/local/texlive/2015/texmf-dist/tex/latex/caption/caption3.sty
Package: caption3 2013/05/02 v1.6-88 caption3 kernel (AR)
Package caption3 Info: TeX engine: e-TeX on input line 57.
\captionmargin=\dimen137
\captionmargin@=\dimen138
\captionwidth=\dimen139
\caption@tempdima=\dimen140
\caption@indent=\dimen141
\caption@parindent=\dimen142
\caption@hangindent=\dimen143
)
\c@ContinuedFloat=\count107
)
\c@KVtest=\count108
\sf@farskip=\skip52
\sf@captopadj=\dimen144
\sf@capskip=\skip53
\sf@nearskip=\skip54
\c@subfigure=\count109
\c@subfigure@save=\count110
\c@lofdepth=\count111
\c@subtable=\count112
\c@subtable@save=\count113
\c@lotdepth=\count114
\sf@top=\skip55
\sf@bottom=\skip56
)
(/usr/local/texlive/2015/texmf-dist/tex/latex/fancyhdr/fancyhdr.sty
\fancy@headwidth=\skip57
\f@ncyO@elh=\skip58
\f@ncyO@erh=\skip59
\f@ncyO@olh=\skip60
\f@ncyO@orh=\skip61
\f@ncyO@elf=\skip62
\f@ncyO@erf=\skip63
\f@ncyO@olf=\skip64
\f@ncyO@orf=\skip65
)
(/usr/local/texlive/2015/texmf-dist/tex/latex/hyperref/hyperref.sty
Package: hyperref 2012/11/06 v6.83m Hypertext links for LaTeX

(/usr/local/texlive/2015/texmf-dist/tex/generic/oberdiek/hobsub-hyperref.sty
Package: hobsub-hyperref 2012/05/28 v1.13 Bundle oberdiek, subset hyperref (HO)


(/usr/local/texlive/2015/texmf-dist/tex/generic/oberdiek/hobsub-generic.sty
Package: hobsub-generic 2012/05/28 v1.13 Bundle oberdiek, subset generic (HO)
Package: hobsub 2012/05/28 v1.13 Construct package bundles (HO)
Package hobsub Info: Skipping package `infwarerr' (already loaded).
Package hobsub Info: Skipping package `ltxcmds' (already loaded).
Package: ifluatex 2010/03/01 v1.3 Provides the ifluatex switch (HO)
Package ifluatex Info: LuaTeX not detected.
Package hobsub Info: Skipping package `ifvtex' (already loaded).
Package: intcalc 2007/09/27 v1.1 Expandable calculations with integers (HO)
Package hobsub Info: Skipping package `ifpdf' (already loaded).
Package: etexcmds 2011/02/16 v1.5 Avoid name clashes with e-TeX commands (HO)
Package etexcmds Info: Could not find \expanded.
(etexcmds)             That can mean that you are not using pdfTeX 1.50 or
(etexcmds)             that some package has redefined \expanded.
(etexcmds)             In the latter case, load this package earlier.
Package: kvsetkeys 2012/04/25 v1.16 Key value parser (HO)
Package: kvdefinekeys 2011/04/07 v1.3 Define keys (HO)
Package: pdftexcmds 2011/11/29 v0.20 Utility functions of pdfTeX for LuaTeX (HO
)
Package pdftexcmds Info: LuaTeX not detected.
Package pdftexcmds Info: \pdf@primitive is available.
Package pdftexcmds Info: \pdf@ifprimitive is available.
Package pdftexcmds Info: \pdfdraftmode found.
Package: pdfescape 2011/11/25 v1.13 Implements pdfTeX's escape features (HO)
Package: bigintcalc 2012/04/08 v1.3 Expandable calculations on big integers (HO
)
Package: bitset 2011/01/30 v1.1 Handle bit-vector datatype (HO)
Package: uniquecounter 2011/01/30 v1.2 Provide unlimited unique counter (HO)
)
Package hobsub Info: Skipping package `hobsub' (already loaded).
Package: letltxmacro 2010/09/02 v1.4 Let assignment for LaTeX macros (HO)
Package: hopatch 2012/05/28 v1.2 Wrapper for package hooks (HO)
Package: xcolor-patch 2011/01/30 xcolor patch
Package: atveryend 2011/06/30 v1.8 Hooks at the very end of document (HO)
Package atveryend Info: \enddocument detected (standard20110627).
Package: atbegshi 2011/10/05 v1.16 At begin shipout hook (HO)
Package: refcount 2011/10/16 v3.4 Data extraction from label references (HO)
Package: hycolor 2011/01/30 v1.7 Color options for hyperref/bookmark (HO)
)
(/usr/local/texlive/2015/texmf-dist/tex/latex/oberdiek/auxhook.sty
Package: auxhook 2011/03/04 v1.3 Hooks for auxiliary files (HO)
)
(/usr/local/texlive/2015/texmf-dist/tex/latex/oberdiek/kvoptions.sty
Package: kvoptions 2011/06/30 v3.11 Key value format for package options (HO)
)
\@linkdim=\dimen145
\Hy@linkcounter=\count115
\Hy@pagecounter=\count116

(/usr/local/texlive/2015/texmf-dist/tex/latex/hyperref/pd1enc.def
File: pd1enc.def 2012/11/06 v6.83m Hyperref: PDFDocEncoding definition (HO)
)
\Hy@SavedSpaceFactor=\count117

(/usr/local/texlive/2015/texmf-dist/tex/latex/latexconfig/hyperref.cfg
File: hyperref.cfg 2002/06/06 v1.2 hyperref configuration of TeXLive
)
Package hyperref Info: Hyper figures OFF on input line 4443.
Package hyperref Info: Link nesting OFF on input line 4448.
Package hyperref Info: Hyper index ON on input line 4451.
Package hyperref Info: Plain pages OFF on input line 4458.
Package hyperref Info: Backreferencing OFF on input line 4463.
Package hyperref Info: Implicit mode ON; LaTeX internals redefined.
Package hyperref Info: Bookmarks ON on input line 4688.
\c@Hy@tempcnt=\count118

(/usr/local/texlive/2015/texmf-dist/tex/latex/url/url.sty
\Urlmuskip=\muskip11
Package: url 2013/09/16  ver 3.4  Verb mode for urls, etc.
)
LaTeX Info: Redefining \url on input line 5041.
\XeTeXLinkMargin=\dimen146
\Fld@menulength=\count119
\Field@Width=\dimen147
\Fld@charsize=\dimen148
Package hyperref Info: Hyper figures OFF on input line 6295.
Package hyperref Info: Link nesting OFF on input line 6300.
Package hyperref Info: Hyper index ON on input line 6303.
Package hyperref Info: backreferencing OFF on input line 6310.
Package hyperref Info: Link coloring OFF on input line 6315.
Package hyperref Info: Link coloring with OCG OFF on input line 6320.
Package hyperref Info: PDF/A mode OFF on input line 6325.
LaTeX Info: Redefining \ref on input line 6365.
LaTeX Info: Redefining \pageref on input line 6369.
\Hy@abspage=\count120
\c@Item=\count121
\c@Hfootnote=\count122
)

Package hyperref Message: Driver (autodetected): hpdftex.

(/usr/local/texlive/2015/texmf-dist/tex/latex/hyperref/hpdftex.def
File: hpdftex.def 2012/11/06 v6.83m Hyperref driver for pdfTeX
\Fld@listcount=\count123
\c@bookmark@seq@number=\count124

(/usr/local/texlive/2015/texmf-dist/tex/latex/oberdiek/rerunfilecheck.sty
Package: rerunfilecheck 2011/04/15 v1.7 Rerun checks for auxiliary files (HO)
Package uniquecounter Info: New unique counter `rerunfilecheck' on input line 2
82.
)
\Hy@SectionHShift=\skip66
)
(/usr/local/texlive/2015/texmf-dist/tex/latex/graphics/color.sty
Package: color 2014/10/28 v1.1a Standard LaTeX Color (DPC)

(/usr/local/texlive/2015/texmf-dist/tex/latex/latexconfig/color.cfg
File: color.cfg 2007/01/18 v1.5 color configuration of teTeX/TeXLive
)
Package color Info: Driver file: pdftex.def on input line 142.
)
(/usr/local/texlive/2015/texmf-dist/tex/latex/eurosym/eurosym.sty
Package: eurosym 1998/08/06 v1.1 European currency symbol ``Euro''
\@eurobox=\box28
)
(/usr/local/texlive/2015/texmf-dist/tex/latex/base/inputenc.sty
Package: inputenc 2015/03/17 v1.2c Input encoding file
\inpenc@prehook=\toks25
\inpenc@posthook=\toks26

(/usr/local/texlive/2015/texmf-dist/tex/latex/base/latin1.def
File: latin1.def 2015/03/17 v1.2c Input encoding file
))
(/usr/local/texlive/2015/texmf-dist/tex/latex/base/fontenc.sty
Package: fontenc 2005/09/27 v1.99g Standard LaTeX package

(/usr/local/texlive/2015/texmf-dist/tex/latex/base/t1enc.def
File: t1enc.def 2005/09/27 v1.99g Standard LaTeX file
LaTeX Font Info:    Redeclaring font encoding T1 on input line 48.
))
(/usr/local/texlive/2015/texmf-dist/tex/generic/babel/babel.sty
Package: babel 2014/09/25 3.9l The Babel package

(/usr/local/texlive/2015/texmf-dist/tex/generic/babel-french/frenchb.ldf
Language: frenchb 2015/04/10 v3.1e French support from the babel system

(/usr/local/texlive/2015/texmf-dist/tex/generic/babel/babel.def
File: babel.def 2014/09/25 3.9l Babel common definitions
\babel@savecnt=\count125
\U@D=\dimen149
)
\l@acadian = a dialect from \language\l@french 
\l@canadien = a dialect from \language\l@french 
\FBcolonskip=\skip67
\FBthinskip=\skip68
\FB@interchartokenstateORI=\count126
Package babel Info: Making : an active character on input line 371.
Package babel Info: Making ; an active character on input line 372.
Package babel Info: Making ! an active character on input line 373.
Package babel Info: Making ? an active character on input line 374.
\FBguillskip=\skip69
\FBguill@level=\count127
\FB@Mht=\dimen150
\std@mcc=\count128
\dec@mcc=\count129


Package frenchb.ldf Warning: Please load the "caption" package
(frenchb.ldf)                AFTER babel/frenchb; reported on input line 903.

\listindentFB=\skip70
\labelwidthFB=\skip71
\leftmarginFB=\skip72
\parindentFFN=\dimen151
)) (/usr/local/texlive/2015/texmf-dist/tex/latex/carlisle/scalefnt.sty)
(/usr/local/texlive/2015/texmf-dist/tex/latex/sectsty/sectsty.sty
Package: sectsty 2002/02/25 v2.0.2 Commands to change all sectional heading sty
les
)
(/usr/local/texlive/2015/texmf-dist/tex/latex/tocbibind/tocbibind.sty
Package: tocbibind 2010/10/13 v1.5k extra ToC listings
Package tocbibind Info: The document has section divisions on input line 50.


Package tocbibind Note: Using section or other style headings.

) (/usr/local/texlive/2015/texmf-dist/tex/latex/tocloft/tocloft.sty
Package: tocloft 2013/05/02 v2.3f parameterised ToC, etc., typesetting
Package tocloft Info: The document has section divisions on input line 44.
\cftparskip=\skip73
\cftbeforetoctitleskip=\skip74
\cftaftertoctitleskip=\skip75
\cftbeforepartskip=\skip76
\cftpartnumwidth=\skip77
\cftpartindent=\skip78
\cftbeforesecskip=\skip79
\cftsecindent=\skip80
\cftsecnumwidth=\skip81
\cftbeforesubsecskip=\skip82
\cftsubsecindent=\skip83
\cftsubsecnumwidth=\skip84
\cftbeforesubsubsecskip=\skip85
\cftsubsubsecindent=\skip86
\cftsubsubsecnumwidth=\skip87
\cftbeforeparaskip=\skip88
\cftparaindent=\skip89
\cftparanumwidth=\skip90
\cftbeforesubparaskip=\skip91
\cftsubparaindent=\skip92
\cftsubparanumwidth=\skip93
\cftbeforeloftitleskip=\skip94
\cftafterloftitleskip=\skip95
\cftbeforefigskip=\skip96
\cftfigindent=\skip97
\cftfignumwidth=\skip98
\cftbeforelottitleskip=\skip99
\cftafterlottitleskip=\skip100
\cftbeforetabskip=\skip101
\cfttabindent=\skip102
\cfttabnumwidth=\skip103
\cftbeforesubfigskip=\skip104
\cftsubfigindent=\skip105
\cftsubfignumwidth=\skip106
\cftbeforesubtabskip=\skip107
\cftsubtabindent=\skip108
\cftsubtabnumwidth=\skip109
)
(./_ExperimentsLot2.aux)
\openout1 = `_ExperimentsLot2.aux'.

LaTeX Font Info:    Checking defaults for OML/cmm/m/it on input line 59.
LaTeX Font Info:    ... okay on input line 59.
LaTeX Font Info:    Checking defaults for T1/cmr/m/n on input line 59.
LaTeX Font Info:    ... okay on input line 59.
LaTeX Font Info:    Checking defaults for OT1/cmr/m/n on input line 59.
LaTeX Font Info:    ... okay on input line 59.
LaTeX Font Info:    Checking defaults for OMS/cmsy/m/n on input line 59.
LaTeX Font Info:    ... okay on input line 59.
LaTeX Font Info:    Checking defaults for OMX/cmex/m/n on input line 59.
LaTeX Font Info:    ... okay on input line 59.
LaTeX Font Info:    Checking defaults for U/cmr/m/n on input line 59.
LaTeX Font Info:    ... okay on input line 59.
LaTeX Font Info:    Checking defaults for PD1/pdf/m/n on input line 59.
LaTeX Font Info:    ... okay on input line 59.

*geometry* driver: auto-detecting
*geometry* detected driver: pdftex
*geometry* verbose mode - [ preamble ] result:
* driver: pdftex
* paper: a4paper
* layout: <same size as paper>
* layoutoffset:(h,v)=(0.0pt,0.0pt)
* modes: 
* h-part:(L,W,R)=(50.58878pt, 496.33032pt, 50.58878pt)
* v-part:(T,H,B)=(50.58878pt, 743.8693pt, 50.58878pt)
* \paperwidth=597.50787pt
* \paperheight=845.04684pt
* \textwidth=496.33032pt
* \textheight=743.8693pt
* \oddsidemargin=-21.68121pt
* \evensidemargin=-21.68121pt
* \topmargin=-58.68121pt
* \headheight=12.0pt
* \headsep=25.0pt
* \topskip=11.0pt
* \footskip=30.0pt
* \marginparwidth=59.0pt
* \marginparsep=10.0pt
* \columnsep=10.0pt
* \skip\footins=10.0pt plus 4.0pt minus 2.0pt
* \hoffset=0.0pt
* \voffset=0.0pt
* \mag=1000
* \@twocolumnfalse
* \@twosidefalse
* \@mparswitchfalse
* \@reversemarginfalse
* (1in=72.27pt=25.4mm, 1cm=28.453pt)

(/usr/local/texlive/2015/texmf-dist/tex/context/base/supp-pdf.mkii
[Loading MPS to PDF converter (version 2006.09.02).]
\scratchcounter=\count130
\scratchdimen=\dimen152
\scratchbox=\box29
\nofMPsegments=\count131
\nofMParguments=\count132
\everyMPshowfont=\toks27
\MPscratchCnt=\count133
\MPscratchDim=\dimen153
\MPnumerator=\count134
\makeMPintoPDFobject=\count135
\everyMPtoPDFconversion=\toks28
) (/usr/local/texlive/2015/texmf-dist/tex/latex/oberdiek/epstopdf-base.sty
Package: epstopdf-base 2010/02/09 v2.5 Base part for package epstopdf

(/usr/local/texlive/2015/texmf-dist/tex/latex/oberdiek/grfext.sty
Package: grfext 2010/08/19 v1.1 Manage graphics extensions (HO)
)
Package grfext Info: Graphics extension search list:
(grfext)             [.png,.pdf,.jpg,.mps,.jpeg,.jbig2,.jb2,.PNG,.PDF,.JPG,.JPE
G,.JBIG2,.JB2,.eps]
(grfext)             \AppendGraphicsExtensions on input line 452.

(/usr/local/texlive/2015/texmf-dist/tex/latex/latexconfig/epstopdf-sys.cfg
File: epstopdf-sys.cfg 2010/07/13 v1.3 Configuration of (r)epstopdf for TeX Liv
e
))
Package caption Info: Begin \AtBeginDocument code.
Package caption Info: subfig package v1.3 is loaded.
Package caption Info: hyperref package is loaded.
Package caption Info: End \AtBeginDocument code.
\AtBeginShipoutBox=\box30
Package hyperref Info: Link coloring OFF on input line 59.

(/usr/local/texlive/2015/texmf-dist/tex/latex/hyperref/nameref.sty
Package: nameref 2012/10/27 v2.43 Cross-referencing by name of section

(/usr/local/texlive/2015/texmf-dist/tex/generic/oberdiek/gettitlestring.sty
Package: gettitlestring 2010/12/03 v1.4 Cleanup title references (HO)
)
\c@section@level=\count136
)
LaTeX Info: Redefining \ref on input line 59.
LaTeX Info: Redefining \pageref on input line 59.
LaTeX Info: Redefining \nameref on input line 59.

(./_ExperimentsLot2.out) (./_ExperimentsLot2.out)
\@outlinefile=\write3
\openout3 = `_ExperimentsLot2.out'.

LaTeX Info: Redefining \degres on input line 59.
LaTeX Info: Redefining \dots on input line 59.
Package frenchb.ldf Info: Setting StandardItemizeEnv=true for
(frenchb.ldf)             compatibility with paralist package,
(frenchb.ldf)              on input line 59.
Package frenchb.ldf Info: Setting StandardEnumerateEnv=true for
(frenchb.ldf)             compatibility with paralist package,
(frenchb.ldf)              on input line 59.
LaTeX Info: Redefining \up on input line 59.
LaTeX Font Info:    Try loading font information for U+msa on input line 101.

(/usr/local/texlive/2015/texmf-dist/tex/latex/amsfonts/umsa.fd
File: umsa.fd 2013/01/14 v3.01 AMS symbols A
)
LaTeX Font Info:    Try loading font information for U+msb on input line 101.

(/usr/local/texlive/2015/texmf-dist/tex/latex/amsfonts/umsb.fd
File: umsb.fd 2013/01/14 v3.01 AMS symbols B
) [1

{/usr/local/texlive/2015/texmf-var/fonts/map/pdftex/updmap/pdftex.map}]
<DAT2_A5_DS0_DD0_Del1_Pred5_crossval.pdf, id=17, 578.16pt x 433.62pt>
File: DAT2_A5_DS0_DD0_Del1_Pred5_crossval.pdf Graphic file (type pdf)

<use DAT2_A5_DS0_DD0_Del1_Pred5_crossval.pdf>
Package pdftex.def Info: DAT2_A5_DS0_DD0_Del1_Pred5_crossval.pdf used on input 
line 111.
(pdftex.def)             Requested size: 248.16516pt x 186.12213pt.
 [2

 <./DAT2_A5_DS0_DD0_Del1_Pred5_crossval.pdf>] <DAT1_DD0_Del1_data.pdf, id=27, 5
78.16pt x 433.62pt>
File: DAT1_DD0_Del1_data.pdf Graphic file (type pdf)

<use DAT1_DD0_Del1_data.pdf>
Package pdftex.def Info: DAT1_DD0_Del1_data.pdf used on input line 117.
(pdftex.def)             Requested size: 163.7899pt x 129.84921pt.

<DAT1_DD0_Del1_datazoom.pdf, id=29, 578.16pt x 433.62pt>
File: DAT1_DD0_Del1_datazoom.pdf Graphic file (type pdf)

<use DAT1_DD0_Del1_datazoom.pdf>
Package pdftex.def Info: DAT1_DD0_Del1_datazoom.pdf used on input line 118.
(pdftex.def)             Requested size: 163.7899pt x 129.84921pt.

<DAT1_DD0_Del1_datacov.pdf, id=31, 578.16pt x 433.62pt>
File: DAT1_DD0_Del1_datacov.pdf Graphic file (type pdf)

<use DAT1_DD0_Del1_datacov.pdf>
Package pdftex.def Info: DAT1_DD0_Del1_datacov.pdf used on input line 119.
(pdftex.def)             Requested size: 163.7899pt x 129.84921pt.

<DAT1_DD0_Del1_SDR__AR.pdf, id=33, 578.16pt x 433.62pt>
File: DAT1_DD0_Del1_SDR__AR.pdf Graphic file (type pdf)

<use DAT1_DD0_Del1_SDR__AR.pdf>
Package pdftex.def Info: DAT1_DD0_Del1_SDR__AR.pdf used on input line 121.
(pdftex.def)             Requested size: 163.7899pt x 129.84921pt.

<DAT1_DD0_Del1_RHO__AR.pdf, id=35, 578.16pt x 433.62pt>
File: DAT1_DD0_Del1_RHO__AR.pdf Graphic file (type pdf)

<use DAT1_DD0_Del1_RHO__AR.pdf>
Package pdftex.def Info: DAT1_DD0_Del1_RHO__AR.pdf used on input line 122.
(pdftex.def)             Requested size: 163.7899pt x 129.84921pt.

<DAT1_DD0_Del1_SDRbaseD__AR.pdf, id=37, 578.16pt x 433.62pt>
File: DAT1_DD0_Del1_SDRbaseD__AR.pdf Graphic file (type pdf)

<use DAT1_DD0_Del1_SDRbaseD__AR.pdf>
Package pdftex.def Info: DAT1_DD0_Del1_SDRbaseD__AR.pdf used on input line 123.

(pdftex.def)             Requested size: 163.7899pt x 129.84921pt.

<DAT1_DD0_Del1_SDR__ARMA.pdf, id=39, 578.16pt x 433.62pt>
File: DAT1_DD0_Del1_SDR__ARMA.pdf Graphic file (type pdf)

<use DAT1_DD0_Del1_SDR__ARMA.pdf>
Package pdftex.def Info: DAT1_DD0_Del1_SDR__ARMA.pdf used on input line 124.
(pdftex.def)             Requested size: 163.7899pt x 129.84921pt.

<DAT1_DD0_Del1_RHO__ARMA.pdf, id=41, 578.16pt x 433.62pt>
File: DAT1_DD0_Del1_RHO__ARMA.pdf Graphic file (type pdf)

<use DAT1_DD0_Del1_RHO__ARMA.pdf>
Package pdftex.def Info: DAT1_DD0_Del1_RHO__ARMA.pdf used on input line 125.
(pdftex.def)             Requested size: 163.7899pt x 129.84921pt.

<DAT1_DD0_Del1_SDRbaseD__ARMA.pdf, id=43, 578.16pt x 433.62pt>
File: DAT1_DD0_Del1_SDRbaseD__ARMA.pdf Graphic file (type pdf)

<use DAT1_DD0_Del1_SDRbaseD__ARMA.pdf>
Package pdftex.def Info: DAT1_DD0_Del1_SDRbaseD__ARMA.pdf used on input line 12
6.
(pdftex.def)             Requested size: 163.7899pt x 129.84921pt.

<DAT1_DD0_Del1_SDR__NN.pdf, id=45, 578.16pt x 433.62pt>
File: DAT1_DD0_Del1_SDR__NN.pdf Graphic file (type pdf)

<use DAT1_DD0_Del1_SDR__NN.pdf>
Package pdftex.def Info: DAT1_DD0_Del1_SDR__NN.pdf used on input line 127.
(pdftex.def)             Requested size: 163.7899pt x 129.84921pt.

<DAT1_DD0_Del1_RHO__NN.pdf, id=47, 578.16pt x 433.62pt>
File: DAT1_DD0_Del1_RHO__NN.pdf Graphic file (type pdf)

<use DAT1_DD0_Del1_RHO__NN.pdf>
Package pdftex.def Info: DAT1_DD0_Del1_RHO__NN.pdf used on input line 128.
(pdftex.def)             Requested size: 163.7899pt x 129.84921pt.

<DAT1_DD0_Del1_SDRbaseD__NN.pdf, id=49, 578.16pt x 433.62pt>
File: DAT1_DD0_Del1_SDRbaseD__NN.pdf Graphic file (type pdf)

<use DAT1_DD0_Del1_SDRbaseD__NN.pdf>
Package pdftex.def Info: DAT1_DD0_Del1_SDRbaseD__NN.pdf used on input line 129.

(pdftex.def)             Requested size: 163.7899pt x 129.84921pt.

<DAT1_DD0_Del1_SDR__AR_NN.pdf, id=51, 578.16pt x 433.62pt>
File: DAT1_DD0_Del1_SDR__AR_NN.pdf Graphic file (type pdf)

<use DAT1_DD0_Del1_SDR__AR_NN.pdf>
Package pdftex.def Info: DAT1_DD0_Del1_SDR__AR_NN.pdf used on input line 130.
(pdftex.def)             Requested size: 163.7899pt x 129.84921pt.

<DAT1_DD0_Del1_RHO__AR_NN.pdf, id=53, 578.16pt x 433.62pt>
File: DAT1_DD0_Del1_RHO__AR_NN.pdf Graphic file (type pdf)

<use DAT1_DD0_Del1_RHO__AR_NN.pdf>
Package pdftex.def Info: DAT1_DD0_Del1_RHO__AR_NN.pdf used on input line 131.
(pdftex.def)             Requested size: 163.7899pt x 129.84921pt.

<DAT1_DD0_Del1_SDRbaseD__AR_NN.pdf, id=55, 578.16pt x 433.62pt>
File: DAT1_DD0_Del1_SDRbaseD__AR_NN.pdf Graphic file (type pdf)

<use DAT1_DD0_Del1_SDRbaseD__AR_NN.pdf>
Package pdftex.def Info: DAT1_DD0_Del1_SDRbaseD__AR_NN.pdf used on input line 1
32.
(pdftex.def)             Requested size: 163.7899pt x 129.84921pt.

Overfull \hbox (1.03943pt too wide) in paragraph at lines 116--134
[] 
 []

[3

 <./DAT1_DD0_Del1_data.pdf> <./DAT1_DD0_Del1_datazoom.pdf> <./DAT1_DD0_Del1_dat
acov.pdf> <./DAT1_DD0_Del1_SDR__AR.pdf> <./DAT1_DD0_Del1_RHO__AR.pdf> <./DAT1_D
D0_Del1_SDRbaseD__AR.pdf> <./DAT1_DD0_Del1_SDR__ARMA.pdf> <./DAT1_DD0_Del1_RHO_
_ARMA.pdf> <./DAT1_DD0_Del1_SDRbaseD__ARMA.pdf> <./DAT1_DD0_Del1_SDR__NN.pdf> <
./DAT1_DD0_Del1_RHO__NN.pdf> <./DAT1_DD0_Del1_SDRbaseD__NN.pdf> <./DAT1_DD0_Del
1_SDR__AR_NN.pdf> <./DAT1_DD0_Del1_RHO__AR_NN.pdf> <./DAT1_DD0_Del1_SDRbaseD__A
R_NN.pdf>] <DAT1_DD0_Del1_SDR__SVM_poly.pdf, id=161, 578.16pt x 433.62pt>
File: DAT1_DD0_Del1_SDR__SVM_poly.pdf Graphic file (type pdf)

<use DAT1_DD0_Del1_SDR__SVM_poly.pdf>
Package pdftex.def Info: DAT1_DD0_Del1_SDR__SVM_poly.pdf used on input line 136
.
(pdftex.def)             Requested size: 163.7899pt x 129.84921pt.

<DAT1_DD0_Del1_RHO__SVM_poly.pdf, id=163, 578.16pt x 433.62pt>
File: DAT1_DD0_Del1_RHO__SVM_poly.pdf Graphic file (type pdf)

<use DAT1_DD0_Del1_RHO__SVM_poly.pdf>
Package pdftex.def Info: DAT1_DD0_Del1_RHO__SVM_poly.pdf used on input line 137
.
(pdftex.def)             Requested size: 163.7899pt x 129.84921pt.

<DAT1_DD0_Del1_SDRbaseD__SVM_poly.pdf, id=165, 578.16pt x 433.62pt>
File: DAT1_DD0_Del1_SDRbaseD__SVM_poly.pdf Graphic file (type pdf)

<use DAT1_DD0_Del1_SDRbaseD__SVM_poly.pdf>
Package pdftex.def Info: DAT1_DD0_Del1_SDRbaseD__SVM_poly.pdf used on input lin
e 138.
(pdftex.def)             Requested size: 163.7899pt x 129.84921pt.

<DAT1_DD0_Del1_SDR__AR_SVM_poly.pdf, id=167, 578.16pt x 433.62pt>
File: DAT1_DD0_Del1_SDR__AR_SVM_poly.pdf Graphic file (type pdf)

<use DAT1_DD0_Del1_SDR__AR_SVM_poly.pdf>
Package pdftex.def Info: DAT1_DD0_Del1_SDR__AR_SVM_poly.pdf used on input line 
139.
(pdftex.def)             Requested size: 163.7899pt x 129.84921pt.

<DAT1_DD0_Del1_RHO__AR_SVM_poly.pdf, id=169, 578.16pt x 433.62pt>
File: DAT1_DD0_Del1_RHO__AR_SVM_poly.pdf Graphic file (type pdf)

<use DAT1_DD0_Del1_RHO__AR_SVM_poly.pdf>
Package pdftex.def Info: DAT1_DD0_Del1_RHO__AR_SVM_poly.pdf used on input line 
140.
(pdftex.def)             Requested size: 163.7899pt x 129.84921pt.

<DAT1_DD0_Del1_SDRbaseD__AR_SVM_poly.pdf, id=171, 578.16pt x 433.62pt>
File: DAT1_DD0_Del1_SDRbaseD__AR_SVM_poly.pdf Graphic file (type pdf)

<use DAT1_DD0_Del1_SDRbaseD__AR_SVM_poly.pdf>
Package pdftex.def Info: DAT1_DD0_Del1_SDRbaseD__AR_SVM_poly.pdf used on input 
line 141.
(pdftex.def)             Requested size: 163.7899pt x 129.84921pt.

<DAT1_DD0_Del1_SDR__SVM_gaussian.pdf, id=173, 578.16pt x 433.62pt>
File: DAT1_DD0_Del1_SDR__SVM_gaussian.pdf Graphic file (type pdf)

<use DAT1_DD0_Del1_SDR__SVM_gaussian.pdf>
Package pdftex.def Info: DAT1_DD0_Del1_SDR__SVM_gaussian.pdf used on input line
 142.
(pdftex.def)             Requested size: 163.7899pt x 129.84921pt.

<DAT1_DD0_Del1_RHO__SVM_gaussian.pdf, id=175, 578.16pt x 433.62pt>
File: DAT1_DD0_Del1_RHO__SVM_gaussian.pdf Graphic file (type pdf)

<use DAT1_DD0_Del1_RHO__SVM_gaussian.pdf>
Package pdftex.def Info: DAT1_DD0_Del1_RHO__SVM_gaussian.pdf used on input line
 143.
(pdftex.def)             Requested size: 163.7899pt x 129.84921pt.

<DAT1_DD0_Del1_SDRbaseD__SVM_gaussian.pdf, id=177, 578.16pt x 433.62pt>
File: DAT1_DD0_Del1_SDRbaseD__SVM_gaussian.pdf Graphic file (type pdf)

<use DAT1_DD0_Del1_SDRbaseD__SVM_gaussian.pdf>
Package pdftex.def Info: DAT1_DD0_Del1_SDRbaseD__SVM_gaussian.pdf used on input
 line 144.
(pdftex.def)             Requested size: 163.7899pt x 129.84921pt.

<DAT1_DD0_Del1_SDR__AR_SVM_gaussian.pdf, id=179, 578.16pt x 433.62pt>
File: DAT1_DD0_Del1_SDR__AR_SVM_gaussian.pdf Graphic file (type pdf)

<use DAT1_DD0_Del1_SDR__AR_SVM_gaussian.pdf>
Package pdftex.def Info: DAT1_DD0_Del1_SDR__AR_SVM_gaussian.pdf used on input l
ine 145.
(pdftex.def)             Requested size: 163.7899pt x 129.84921pt.

<DAT1_DD0_Del1_RHO__AR_SVM_gaussian.pdf, id=181, 578.16pt x 433.62pt>
File: DAT1_DD0_Del1_RHO__AR_SVM_gaussian.pdf Graphic file (type pdf)

<use DAT1_DD0_Del1_RHO__AR_SVM_gaussian.pdf>
Package pdftex.def Info: DAT1_DD0_Del1_RHO__AR_SVM_gaussian.pdf used on input l
ine 146.
(pdftex.def)             Requested size: 163.7899pt x 129.84921pt.

<DAT1_DD0_Del1_SDRbaseD__AR_SVM_gaussian.pdf, id=183, 578.16pt x 433.62pt>
File: DAT1_DD0_Del1_SDRbaseD__AR_SVM_gaussian.pdf Graphic file (type pdf)

<use DAT1_DD0_Del1_SDRbaseD__AR_SVM_gaussian.pdf>
Package pdftex.def Info: DAT1_DD0_Del1_SDRbaseD__AR_SVM_gaussian.pdf used on in
put line 147.
(pdftex.def)             Requested size: 163.7899pt x 129.84921pt.

Overfull \hbox (1.03943pt too wide) in paragraph at lines 135--149
[] 
 []

[4

 <./DAT1_DD0_Del1_SDR__SVM_poly.pdf> <./DAT1_DD0_Del1_RHO__SVM_poly.pdf> <./DAT
1_DD0_Del1_SDRbaseD__SVM_poly.pdf> <./DAT1_DD0_Del1_SDR__AR_SVM_poly.pdf> <./DA
T1_DD0_Del1_RHO__AR_SVM_poly.pdf> <./DAT1_DD0_Del1_SDRbaseD__AR_SVM_poly.pdf> <
./DAT1_DD0_Del1_SDR__SVM_gaussian.pdf> <./DAT1_DD0_Del1_RHO__SVM_gaussian.pdf> 
<./DAT1_DD0_Del1_SDRbaseD__SVM_gaussian.pdf> <./DAT1_DD0_Del1_SDR__AR_SVM_gauss
ian.pdf> <./DAT1_DD0_Del1_RHO__AR_SVM_gaussian.pdf> <./DAT1_DD0_Del1_SDRbaseD__
AR_SVM_gaussian.pdf>] <DAT2_DD0_Del1_data.pdf, id=265, 578.16pt x 433.62pt>
File: DAT2_DD0_Del1_data.pdf Graphic file (type pdf)

<use DAT2_DD0_Del1_data.pdf>
Package pdftex.def Info: DAT2_DD0_Del1_data.pdf used on input line 155.
(pdftex.def)             Requested size: 163.7899pt x 129.84921pt.

<DAT2_DD0_Del1_datazoom.pdf, id=267, 578.16pt x 433.62pt>
File: DAT2_DD0_Del1_datazoom.pdf Graphic file (type pdf)

<use DAT2_DD0_Del1_datazoom.pdf>
Package pdftex.def Info: DAT2_DD0_Del1_datazoom.pdf used on input line 156.
(pdftex.def)             Requested size: 163.7899pt x 129.84921pt.

<DAT2_DD0_Del1_datacov.pdf, id=269, 578.16pt x 433.62pt>
File: DAT2_DD0_Del1_datacov.pdf Graphic file (type pdf)

<use DAT2_DD0_Del1_datacov.pdf>
Package pdftex.def Info: DAT2_DD0_Del1_datacov.pdf used on input line 157.
(pdftex.def)             Requested size: 163.7899pt x 129.84921pt.

<DAT2_DD0_Del1_SDR__AR.pdf, id=271, 578.16pt x 433.62pt>
File: DAT2_DD0_Del1_SDR__AR.pdf Graphic file (type pdf)

<use DAT2_DD0_Del1_SDR__AR.pdf>
Package pdftex.def Info: DAT2_DD0_Del1_SDR__AR.pdf used on input line 159.
(pdftex.def)             Requested size: 163.7899pt x 129.84921pt.

<DAT2_DD0_Del1_RHO__AR.pdf, id=273, 578.16pt x 433.62pt>
File: DAT2_DD0_Del1_RHO__AR.pdf Graphic file (type pdf)

<use DAT2_DD0_Del1_RHO__AR.pdf>
Package pdftex.def Info: DAT2_DD0_Del1_RHO__AR.pdf used on input line 160.
(pdftex.def)             Requested size: 163.7899pt x 129.84921pt.

<DAT2_DD0_Del1_SDRbaseD__AR.pdf, id=275, 578.16pt x 433.62pt>
File: DAT2_DD0_Del1_SDRbaseD__AR.pdf Graphic file (type pdf)

<use DAT2_DD0_Del1_SDRbaseD__AR.pdf>
Package pdftex.def Info: DAT2_DD0_Del1_SDRbaseD__AR.pdf used on input line 161.

(pdftex.def)             Requested size: 163.7899pt x 129.84921pt.

<DAT2_DD0_Del1_SDR__ARMA.pdf, id=277, 578.16pt x 433.62pt>
File: DAT2_DD0_Del1_SDR__ARMA.pdf Graphic file (type pdf)

<use DAT2_DD0_Del1_SDR__ARMA.pdf>
Package pdftex.def Info: DAT2_DD0_Del1_SDR__ARMA.pdf used on input line 162.
(pdftex.def)             Requested size: 163.7899pt x 129.84921pt.

<DAT2_DD0_Del1_RHO__ARMA.pdf, id=279, 578.16pt x 433.62pt>
File: DAT2_DD0_Del1_RHO__ARMA.pdf Graphic file (type pdf)

<use DAT2_DD0_Del1_RHO__ARMA.pdf>
Package pdftex.def Info: DAT2_DD0_Del1_RHO__ARMA.pdf used on input line 163.
(pdftex.def)             Requested size: 163.7899pt x 129.84921pt.

<DAT2_DD0_Del1_SDRbaseD__ARMA.pdf, id=281, 578.16pt x 433.62pt>
File: DAT2_DD0_Del1_SDRbaseD__ARMA.pdf Graphic file (type pdf)

<use DAT2_DD0_Del1_SDRbaseD__ARMA.pdf>
Package pdftex.def Info: DAT2_DD0_Del1_SDRbaseD__ARMA.pdf used on input line 16
4.
(pdftex.def)             Requested size: 163.7899pt x 129.84921pt.

<DAT2_DD0_Del1_SDR__NN.pdf, id=283, 578.16pt x 433.62pt>
File: DAT2_DD0_Del1_SDR__NN.pdf Graphic file (type pdf)

<use DAT2_DD0_Del1_SDR__NN.pdf>
Package pdftex.def Info: DAT2_DD0_Del1_SDR__NN.pdf used on input line 165.
(pdftex.def)             Requested size: 163.7899pt x 129.84921pt.

<DAT2_DD0_Del1_RHO__NN.pdf, id=285, 578.16pt x 433.62pt>
File: DAT2_DD0_Del1_RHO__NN.pdf Graphic file (type pdf)

<use DAT2_DD0_Del1_RHO__NN.pdf>
Package pdftex.def Info: DAT2_DD0_Del1_RHO__NN.pdf used on input line 166.
(pdftex.def)             Requested size: 163.7899pt x 129.84921pt.

<DAT2_DD0_Del1_SDRbaseD__NN.pdf, id=287, 578.16pt x 433.62pt>
File: DAT2_DD0_Del1_SDRbaseD__NN.pdf Graphic file (type pdf)

<use DAT2_DD0_Del1_SDRbaseD__NN.pdf>
Package pdftex.def Info: DAT2_DD0_Del1_SDRbaseD__NN.pdf used on input line 167.

(pdftex.def)             Requested size: 163.7899pt x 129.84921pt.

<DAT2_DD0_Del1_SDR__AR_NN.pdf, id=289, 578.16pt x 433.62pt>
File: DAT2_DD0_Del1_SDR__AR_NN.pdf Graphic file (type pdf)

<use DAT2_DD0_Del1_SDR__AR_NN.pdf>
Package pdftex.def Info: DAT2_DD0_Del1_SDR__AR_NN.pdf used on input line 168.
(pdftex.def)             Requested size: 163.7899pt x 129.84921pt.

<DAT2_DD0_Del1_RHO__AR_NN.pdf, id=291, 578.16pt x 433.62pt>
File: DAT2_DD0_Del1_RHO__AR_NN.pdf Graphic file (type pdf)

<use DAT2_DD0_Del1_RHO__AR_NN.pdf>
Package pdftex.def Info: DAT2_DD0_Del1_RHO__AR_NN.pdf used on input line 169.
(pdftex.def)             Requested size: 163.7899pt x 129.84921pt.

<DAT2_DD0_Del1_SDRbaseD__AR_NN.pdf, id=293, 578.16pt x 433.62pt>
File: DAT2_DD0_Del1_SDRbaseD__AR_NN.pdf Graphic file (type pdf)

<use DAT2_DD0_Del1_SDRbaseD__AR_NN.pdf>
Package pdftex.def Info: DAT2_DD0_Del1_SDRbaseD__AR_NN.pdf used on input line 1
70.
(pdftex.def)             Requested size: 163.7899pt x 129.84921pt.

Overfull \hbox (1.03943pt too wide) in paragraph at lines 154--172
[] 
 []

[5

 <./DAT2_DD0_Del1_data.pdf> <./DAT2_DD0_Del1_datazoom.pdf> <./DAT2_DD0_Del1_dat
acov.pdf> <./DAT2_DD0_Del1_SDR__AR.pdf> <./DAT2_DD0_Del1_RHO__AR.pdf> <./DAT2_D
D0_Del1_SDRbaseD__AR.pdf> <./DAT2_DD0_Del1_SDR__ARMA.pdf> <./DAT2_DD0_Del1_RHO_
_ARMA.pdf> <./DAT2_DD0_Del1_SDRbaseD__ARMA.pdf> <./DAT2_DD0_Del1_SDR__NN.pdf> <
./DAT2_DD0_Del1_RHO__NN.pdf> <./DAT2_DD0_Del1_SDRbaseD__NN.pdf> <./DAT2_DD0_Del
1_SDR__AR_NN.pdf> <./DAT2_DD0_Del1_RHO__AR_NN.pdf> <./DAT2_DD0_Del1_SDRbaseD__A
R_NN.pdf>] <DAT2_DD0_Del1_SDR__SVM_poly.pdf, id=399, 578.16pt x 433.62pt>
File: DAT2_DD0_Del1_SDR__SVM_poly.pdf Graphic file (type pdf)

<use DAT2_DD0_Del1_SDR__SVM_poly.pdf>
Package pdftex.def Info: DAT2_DD0_Del1_SDR__SVM_poly.pdf used on input line 174
.
(pdftex.def)             Requested size: 163.7899pt x 129.84921pt.

<DAT2_DD0_Del1_RHO__SVM_poly.pdf, id=401, 578.16pt x 433.62pt>
File: DAT2_DD0_Del1_RHO__SVM_poly.pdf Graphic file (type pdf)

<use DAT2_DD0_Del1_RHO__SVM_poly.pdf>
Package pdftex.def Info: DAT2_DD0_Del1_RHO__SVM_poly.pdf used on input line 175
.
(pdftex.def)             Requested size: 163.7899pt x 129.84921pt.

<DAT2_DD0_Del1_SDRbaseD__SVM_poly.pdf, id=403, 578.16pt x 433.62pt>
File: DAT2_DD0_Del1_SDRbaseD__SVM_poly.pdf Graphic file (type pdf)

<use DAT2_DD0_Del1_SDRbaseD__SVM_poly.pdf>
Package pdftex.def Info: DAT2_DD0_Del1_SDRbaseD__SVM_poly.pdf used on input lin
e 176.
(pdftex.def)             Requested size: 163.7899pt x 129.84921pt.

<DAT2_DD0_Del1_SDR__AR_SVM_poly.pdf, id=405, 578.16pt x 433.62pt>
File: DAT2_DD0_Del1_SDR__AR_SVM_poly.pdf Graphic file (type pdf)

<use DAT2_DD0_Del1_SDR__AR_SVM_poly.pdf>
Package pdftex.def Info: DAT2_DD0_Del1_SDR__AR_SVM_poly.pdf used on input line 
177.
(pdftex.def)             Requested size: 163.7899pt x 129.84921pt.

<DAT2_DD0_Del1_RHO__AR_SVM_poly.pdf, id=407, 578.16pt x 433.62pt>
File: DAT2_DD0_Del1_RHO__AR_SVM_poly.pdf Graphic file (type pdf)

<use DAT2_DD0_Del1_RHO__AR_SVM_poly.pdf>
Package pdftex.def Info: DAT2_DD0_Del1_RHO__AR_SVM_poly.pdf used on input line 
178.
(pdftex.def)             Requested size: 163.7899pt x 129.84921pt.

<DAT2_DD0_Del1_SDRbaseD__AR_SVM_poly.pdf, id=409, 578.16pt x 433.62pt>
File: DAT2_DD0_Del1_SDRbaseD__AR_SVM_poly.pdf Graphic file (type pdf)

<use DAT2_DD0_Del1_SDRbaseD__AR_SVM_poly.pdf>
Package pdftex.def Info: DAT2_DD0_Del1_SDRbaseD__AR_SVM_poly.pdf used on input 
line 179.
(pdftex.def)             Requested size: 163.7899pt x 129.84921pt.

<DAT2_DD0_Del1_SDR__SVM_gaussian.pdf, id=411, 578.16pt x 433.62pt>
File: DAT2_DD0_Del1_SDR__SVM_gaussian.pdf Graphic file (type pdf)

<use DAT2_DD0_Del1_SDR__SVM_gaussian.pdf>
Package pdftex.def Info: DAT2_DD0_Del1_SDR__SVM_gaussian.pdf used on input line
 180.
(pdftex.def)             Requested size: 163.7899pt x 129.84921pt.

<DAT2_DD0_Del1_RHO__SVM_gaussian.pdf, id=413, 578.16pt x 433.62pt>
File: DAT2_DD0_Del1_RHO__SVM_gaussian.pdf Graphic file (type pdf)

<use DAT2_DD0_Del1_RHO__SVM_gaussian.pdf>
Package pdftex.def Info: DAT2_DD0_Del1_RHO__SVM_gaussian.pdf used on input line
 181.
(pdftex.def)             Requested size: 163.7899pt x 129.84921pt.

<DAT2_DD0_Del1_SDRbaseD__SVM_gaussian.pdf, id=415, 578.16pt x 433.62pt>
File: DAT2_DD0_Del1_SDRbaseD__SVM_gaussian.pdf Graphic file (type pdf)

<use DAT2_DD0_Del1_SDRbaseD__SVM_gaussian.pdf>
Package pdftex.def Info: DAT2_DD0_Del1_SDRbaseD__SVM_gaussian.pdf used on input
 line 182.
(pdftex.def)             Requested size: 163.7899pt x 129.84921pt.

<DAT2_DD0_Del1_SDR__AR_SVM_gaussian.pdf, id=417, 578.16pt x 433.62pt>
File: DAT2_DD0_Del1_SDR__AR_SVM_gaussian.pdf Graphic file (type pdf)

<use DAT2_DD0_Del1_SDR__AR_SVM_gaussian.pdf>
Package pdftex.def Info: DAT2_DD0_Del1_SDR__AR_SVM_gaussian.pdf used on input l
ine 183.
(pdftex.def)             Requested size: 163.7899pt x 129.84921pt.

<DAT2_DD0_Del1_RHO__AR_SVM_gaussian.pdf, id=419, 578.16pt x 433.62pt>
File: DAT2_DD0_Del1_RHO__AR_SVM_gaussian.pdf Graphic file (type pdf)

<use DAT2_DD0_Del1_RHO__AR_SVM_gaussian.pdf>
Package pdftex.def Info: DAT2_DD0_Del1_RHO__AR_SVM_gaussian.pdf used on input l
ine 184.
(pdftex.def)             Requested size: 163.7899pt x 129.84921pt.

<DAT2_DD0_Del1_SDRbaseD__AR_SVM_gaussian.pdf, id=421, 578.16pt x 433.62pt>
File: DAT2_DD0_Del1_SDRbaseD__AR_SVM_gaussian.pdf Graphic file (type pdf)

<use DAT2_DD0_Del1_SDRbaseD__AR_SVM_gaussian.pdf>
Package pdftex.def Info: DAT2_DD0_Del1_SDRbaseD__AR_SVM_gaussian.pdf used on in
put line 185.
(pdftex.def)             Requested size: 163.7899pt x 129.84921pt.

Overfull \hbox (1.03943pt too wide) in paragraph at lines 173--187
[] 
 []

[6

 <./DAT2_DD0_Del1_SDR__SVM_poly.pdf> <./DAT2_DD0_Del1_RHO__SVM_poly.pdf> <./DAT
2_DD0_Del1_SDRbaseD__SVM_poly.pdf> <./DAT2_DD0_Del1_SDR__AR_SVM_poly.pdf> <./DA
T2_DD0_Del1_RHO__AR_SVM_poly.pdf> <./DAT2_DD0_Del1_SDRbaseD__AR_SVM_poly.pdf> <
./DAT2_DD0_Del1_SDR__SVM_gaussian.pdf> <./DAT2_DD0_Del1_RHO__SVM_gaussian.pdf> 
<./DAT2_DD0_Del1_SDRbaseD__SVM_gaussian.pdf> <./DAT2_DD0_Del1_SDR__AR_SVM_gauss
ian.pdf> <./DAT2_DD0_Del1_RHO__AR_SVM_gaussian.pdf> <./DAT2_DD0_Del1_SDRbaseD__
AR_SVM_gaussian.pdf>]
<DAT1_A1_DS0_DD0_Del1_Pred5_data.pdf, id=504, 578.16pt x 433.62pt>
File: DAT1_A1_DS0_DD0_Del1_Pred5_data.pdf Graphic file (type pdf)

<use DAT1_A1_DS0_DD0_Del1_Pred5_data.pdf>
Package pdftex.def Info: DAT1_A1_DS0_DD0_Del1_Pred5_data.pdf used on input line
 195.
(pdftex.def)             Requested size: 163.7899pt x 129.84921pt.

<DAT1_A1_DS0_DD0_Del1_Pred6_data.pdf, id=506, 578.16pt x 433.62pt>
File: DAT1_A1_DS0_DD0_Del1_Pred6_data.pdf Graphic file (type pdf)

<use DAT1_A1_DS0_DD0_Del1_Pred6_data.pdf>
Package pdftex.def Info: DAT1_A1_DS0_DD0_Del1_Pred6_data.pdf used on input line
 196.
(pdftex.def)             Requested size: 163.7899pt x 129.84921pt.

<DAT1_A1_DS0_DD0_Del1_Pred12_data.pdf, id=508, 578.16pt x 433.62pt>
File: DAT1_A1_DS0_DD0_Del1_Pred12_data.pdf Graphic file (type pdf)

<use DAT1_A1_DS0_DD0_Del1_Pred12_data.pdf>
Package pdftex.def Info: DAT1_A1_DS0_DD0_Del1_Pred12_data.pdf used on input lin
e 197.
(pdftex.def)             Requested size: 163.7899pt x 129.84921pt.

<DAT1_A2_DS0_DD0_Del1_Pred5_data.pdf, id=510, 578.16pt x 433.62pt>
File: DAT1_A2_DS0_DD0_Del1_Pred5_data.pdf Graphic file (type pdf)

<use DAT1_A2_DS0_DD0_Del1_Pred5_data.pdf>
Package pdftex.def Info: DAT1_A2_DS0_DD0_Del1_Pred5_data.pdf used on input line
 199.
(pdftex.def)             Requested size: 163.7899pt x 129.84921pt.

<DAT1_A2_DS0_DD0_Del1_Pred6_data.pdf, id=512, 578.16pt x 433.62pt>
File: DAT1_A2_DS0_DD0_Del1_Pred6_data.pdf Graphic file (type pdf)

<use DAT1_A2_DS0_DD0_Del1_Pred6_data.pdf>
Package pdftex.def Info: DAT1_A2_DS0_DD0_Del1_Pred6_data.pdf used on input line
 200.
(pdftex.def)             Requested size: 163.7899pt x 129.84921pt.

<DAT1_A2_DS0_DD0_Del1_Pred12_data.pdf, id=514, 578.16pt x 433.62pt>
File: DAT1_A2_DS0_DD0_Del1_Pred12_data.pdf Graphic file (type pdf)

<use DAT1_A2_DS0_DD0_Del1_Pred12_data.pdf>
Package pdftex.def Info: DAT1_A2_DS0_DD0_Del1_Pred12_data.pdf used on input lin
e 201.
(pdftex.def)             Requested size: 163.7899pt x 129.84921pt.

<DAT1_A3_DS0_DD0_Del1_Pred5_data.pdf, id=516, 578.16pt x 433.62pt>
File: DAT1_A3_DS0_DD0_Del1_Pred5_data.pdf Graphic file (type pdf)

<use DAT1_A3_DS0_DD0_Del1_Pred5_data.pdf>
Package pdftex.def Info: DAT1_A3_DS0_DD0_Del1_Pred5_data.pdf used on input line
 203.
(pdftex.def)             Requested size: 163.7899pt x 129.84921pt.

<DAT1_A3_DS0_DD0_Del1_Pred6_data.pdf, id=518, 578.16pt x 433.62pt>
File: DAT1_A3_DS0_DD0_Del1_Pred6_data.pdf Graphic file (type pdf)

<use DAT1_A3_DS0_DD0_Del1_Pred6_data.pdf>
Package pdftex.def Info: DAT1_A3_DS0_DD0_Del1_Pred6_data.pdf used on input line
 204.
(pdftex.def)             Requested size: 163.7899pt x 129.84921pt.

<DAT1_A3_DS0_DD0_Del1_Pred12_data.pdf, id=520, 578.16pt x 433.62pt>
File: DAT1_A3_DS0_DD0_Del1_Pred12_data.pdf Graphic file (type pdf)

<use DAT1_A3_DS0_DD0_Del1_Pred12_data.pdf>
Package pdftex.def Info: DAT1_A3_DS0_DD0_Del1_Pred12_data.pdf used on input lin
e 205.
(pdftex.def)             Requested size: 163.7899pt x 129.84921pt.

<DAT1_A4_DS0_DD0_Del1_Pred5_data.pdf, id=522, 578.16pt x 433.62pt>
File: DAT1_A4_DS0_DD0_Del1_Pred5_data.pdf Graphic file (type pdf)

<use DAT1_A4_DS0_DD0_Del1_Pred5_data.pdf>
Package pdftex.def Info: DAT1_A4_DS0_DD0_Del1_Pred5_data.pdf used on input line
 207.
(pdftex.def)             Requested size: 163.7899pt x 129.84921pt.

<DAT1_A4_DS0_DD0_Del1_Pred6_data.pdf, id=524, 578.16pt x 433.62pt>
File: DAT1_A4_DS0_DD0_Del1_Pred6_data.pdf Graphic file (type pdf)

<use DAT1_A4_DS0_DD0_Del1_Pred6_data.pdf>
Package pdftex.def Info: DAT1_A4_DS0_DD0_Del1_Pred6_data.pdf used on input line
 208.
(pdftex.def)             Requested size: 163.7899pt x 129.84921pt.

<DAT1_A4_DS0_DD0_Del1_Pred12_data.pdf, id=526, 578.16pt x 433.62pt>
File: DAT1_A4_DS0_DD0_Del1_Pred12_data.pdf Graphic file (type pdf)

<use DAT1_A4_DS0_DD0_Del1_Pred12_data.pdf>
Package pdftex.def Info: DAT1_A4_DS0_DD0_Del1_Pred12_data.pdf used on input lin
e 209.
(pdftex.def)             Requested size: 163.7899pt x 129.84921pt.

<DAT1_A5_DS0_DD0_Del1_Pred5_data.pdf, id=528, 578.16pt x 433.62pt>
File: DAT1_A5_DS0_DD0_Del1_Pred5_data.pdf Graphic file (type pdf)

<use DAT1_A5_DS0_DD0_Del1_Pred5_data.pdf>
Package pdftex.def Info: DAT1_A5_DS0_DD0_Del1_Pred5_data.pdf used on input line
 211.
(pdftex.def)             Requested size: 163.7899pt x 129.84921pt.

<DAT1_A5_DS0_DD0_Del1_Pred6_data.pdf, id=530, 578.16pt x 433.62pt>
File: DAT1_A5_DS0_DD0_Del1_Pred6_data.pdf Graphic file (type pdf)

<use DAT1_A5_DS0_DD0_Del1_Pred6_data.pdf>
Package pdftex.def Info: DAT1_A5_DS0_DD0_Del1_Pred6_data.pdf used on input line
 212.
(pdftex.def)             Requested size: 163.7899pt x 129.84921pt.

<DAT1_A5_DS0_DD0_Del1_Pred12_data.pdf, id=532, 578.16pt x 433.62pt>
File: DAT1_A5_DS0_DD0_Del1_Pred12_data.pdf Graphic file (type pdf)

<use DAT1_A5_DS0_DD0_Del1_Pred12_data.pdf>
Package pdftex.def Info: DAT1_A5_DS0_DD0_Del1_Pred12_data.pdf used on input lin
e 213.
(pdftex.def)             Requested size: 163.7899pt x 129.84921pt.

Overfull \hbox (1.03943pt too wide) in paragraph at lines 192--214
[] 
 []

[7

 <./DAT1_A1_DS0_DD0_Del1_Pred5_data.pdf> <./DAT1_A1_DS0_DD0_Del1_Pred6_data.pdf
> <./DAT1_A1_DS0_DD0_Del1_Pred12_data.pdf> <./DAT1_A2_DS0_DD0_Del1_Pred5_data.p
df> <./DAT1_A2_DS0_DD0_Del1_Pred6_data.pdf> <./DAT1_A2_DS0_DD0_Del1_Pred12_data
.pdf> <./DAT1_A3_DS0_DD0_Del1_Pred5_data.pdf> <./DAT1_A3_DS0_DD0_Del1_Pred6_dat
a.pdf> <./DAT1_A3_DS0_DD0_Del1_Pred12_data.pdf> <./DAT1_A4_DS0_DD0_Del1_Pred5_d
ata.pdf> <./DAT1_A4_DS0_DD0_Del1_Pred6_data.pdf> <./DAT1_A4_DS0_DD0_Del1_Pred12
_data.pdf> <./DAT1_A5_DS0_DD0_Del1_Pred5_data.pdf> <./DAT1_A5_DS0_DD0_Del1_Pred
6_data.pdf> <./DAT1_A5_DS0_DD0_Del1_Pred12_data.pdf>]
<DAT2_A1_DS0_DD0_Del1_Pred5_data.pdf, id=675, 578.16pt x 433.62pt>
File: DAT2_A1_DS0_DD0_Del1_Pred5_data.pdf Graphic file (type pdf)

<use DAT2_A1_DS0_DD0_Del1_Pred5_data.pdf>
Package pdftex.def Info: DAT2_A1_DS0_DD0_Del1_Pred5_data.pdf used on input line
 221.
(pdftex.def)             Requested size: 163.7899pt x 129.84921pt.

<DAT2_A1_DS0_DD0_Del1_Pred6_data.pdf, id=677, 578.16pt x 433.62pt>
File: DAT2_A1_DS0_DD0_Del1_Pred6_data.pdf Graphic file (type pdf)

<use DAT2_A1_DS0_DD0_Del1_Pred6_data.pdf>
Package pdftex.def Info: DAT2_A1_DS0_DD0_Del1_Pred6_data.pdf used on input line
 222.
(pdftex.def)             Requested size: 163.7899pt x 129.84921pt.

<DAT2_A1_DS0_DD0_Del1_Pred12_data.pdf, id=679, 578.16pt x 433.62pt>
File: DAT2_A1_DS0_DD0_Del1_Pred12_data.pdf Graphic file (type pdf)

<use DAT2_A1_DS0_DD0_Del1_Pred12_data.pdf>
Package pdftex.def Info: DAT2_A1_DS0_DD0_Del1_Pred12_data.pdf used on input lin
e 223.
(pdftex.def)             Requested size: 163.7899pt x 129.84921pt.

<DAT2_A2_DS0_DD0_Del1_Pred5_data.pdf, id=681, 578.16pt x 433.62pt>
File: DAT2_A2_DS0_DD0_Del1_Pred5_data.pdf Graphic file (type pdf)

<use DAT2_A2_DS0_DD0_Del1_Pred5_data.pdf>
Package pdftex.def Info: DAT2_A2_DS0_DD0_Del1_Pred5_data.pdf used on input line
 225.
(pdftex.def)             Requested size: 163.7899pt x 129.84921pt.

<DAT2_A2_DS0_DD0_Del1_Pred6_data.pdf, id=683, 578.16pt x 433.62pt>
File: DAT2_A2_DS0_DD0_Del1_Pred6_data.pdf Graphic file (type pdf)

<use DAT2_A2_DS0_DD0_Del1_Pred6_data.pdf>
Package pdftex.def Info: DAT2_A2_DS0_DD0_Del1_Pred6_data.pdf used on input line
 226.
(pdftex.def)             Requested size: 163.7899pt x 129.84921pt.

<DAT2_A2_DS0_DD0_Del1_Pred12_data.pdf, id=685, 578.16pt x 433.62pt>
File: DAT2_A2_DS0_DD0_Del1_Pred12_data.pdf Graphic file (type pdf)

<use DAT2_A2_DS0_DD0_Del1_Pred12_data.pdf>
Package pdftex.def Info: DAT2_A2_DS0_DD0_Del1_Pred12_data.pdf used on input lin
e 227.
(pdftex.def)             Requested size: 163.7899pt x 129.84921pt.

<DAT2_A3_DS0_DD0_Del1_Pred5_data.pdf, id=687, 578.16pt x 433.62pt>
File: DAT2_A3_DS0_DD0_Del1_Pred5_data.pdf Graphic file (type pdf)

<use DAT2_A3_DS0_DD0_Del1_Pred5_data.pdf>
Package pdftex.def Info: DAT2_A3_DS0_DD0_Del1_Pred5_data.pdf used on input line
 229.
(pdftex.def)             Requested size: 163.7899pt x 129.84921pt.

<DAT2_A3_DS0_DD0_Del1_Pred6_data.pdf, id=689, 578.16pt x 433.62pt>
File: DAT2_A3_DS0_DD0_Del1_Pred6_data.pdf Graphic file (type pdf)

<use DAT2_A3_DS0_DD0_Del1_Pred6_data.pdf>
Package pdftex.def Info: DAT2_A3_DS0_DD0_Del1_Pred6_data.pdf used on input line
 230.
(pdftex.def)             Requested size: 163.7899pt x 129.84921pt.

<DAT2_A3_DS0_DD0_Del1_Pred12_data.pdf, id=691, 578.16pt x 433.62pt>
File: DAT2_A3_DS0_DD0_Del1_Pred12_data.pdf Graphic file (type pdf)

<use DAT2_A3_DS0_DD0_Del1_Pred12_data.pdf>
Package pdftex.def Info: DAT2_A3_DS0_DD0_Del1_Pred12_data.pdf used on input lin
e 231.
(pdftex.def)             Requested size: 163.7899pt x 129.84921pt.

<DAT2_A4_DS0_DD0_Del1_Pred5_data.pdf, id=693, 578.16pt x 433.62pt>
File: DAT2_A4_DS0_DD0_Del1_Pred5_data.pdf Graphic file (type pdf)

<use DAT2_A4_DS0_DD0_Del1_Pred5_data.pdf>
Package pdftex.def Info: DAT2_A4_DS0_DD0_Del1_Pred5_data.pdf used on input line
 233.
(pdftex.def)             Requested size: 163.7899pt x 129.84921pt.

<DAT2_A4_DS0_DD0_Del1_Pred6_data.pdf, id=695, 578.16pt x 433.62pt>
File: DAT2_A4_DS0_DD0_Del1_Pred6_data.pdf Graphic file (type pdf)

<use DAT2_A4_DS0_DD0_Del1_Pred6_data.pdf>
Package pdftex.def Info: DAT2_A4_DS0_DD0_Del1_Pred6_data.pdf used on input line
 234.
(pdftex.def)             Requested size: 163.7899pt x 129.84921pt.

<DAT2_A4_DS0_DD0_Del1_Pred12_data.pdf, id=697, 578.16pt x 433.62pt>
File: DAT2_A4_DS0_DD0_Del1_Pred12_data.pdf Graphic file (type pdf)

<use DAT2_A4_DS0_DD0_Del1_Pred12_data.pdf>
Package pdftex.def Info: DAT2_A4_DS0_DD0_Del1_Pred12_data.pdf used on input lin
e 235.
(pdftex.def)             Requested size: 163.7899pt x 129.84921pt.

<DAT2_A5_DS0_DD0_Del1_Pred5_data.pdf, id=699, 578.16pt x 433.62pt>
File: DAT2_A5_DS0_DD0_Del1_Pred5_data.pdf Graphic file (type pdf)

<use DAT2_A5_DS0_DD0_Del1_Pred5_data.pdf>
Package pdftex.def Info: DAT2_A5_DS0_DD0_Del1_Pred5_data.pdf used on input line
 237.
(pdftex.def)             Requested size: 163.7899pt x 129.84921pt.

<DAT2_A5_DS0_DD0_Del1_Pred6_data.pdf, id=701, 578.16pt x 433.62pt>
File: DAT2_A5_DS0_DD0_Del1_Pred6_data.pdf Graphic file (type pdf)

<use DAT2_A5_DS0_DD0_Del1_Pred6_data.pdf>
Package pdftex.def Info: DAT2_A5_DS0_DD0_Del1_Pred6_data.pdf used on input line
 238.
(pdftex.def)             Requested size: 163.7899pt x 129.84921pt.

<DAT2_A5_DS0_DD0_Del1_Pred12_data.pdf, id=703, 578.16pt x 433.62pt>
File: DAT2_A5_DS0_DD0_Del1_Pred12_data.pdf Graphic file (type pdf)

<use DAT2_A5_DS0_DD0_Del1_Pred12_data.pdf>
Package pdftex.def Info: DAT2_A5_DS0_DD0_Del1_Pred12_data.pdf used on input lin
e 239.
(pdftex.def)             Requested size: 163.7899pt x 129.84921pt.

Overfull \hbox (1.03943pt too wide) in paragraph at lines 218--240
[] 
 []

[8

 <./DAT2_A1_DS0_DD0_Del1_Pred5_data.pdf> <./DAT2_A1_DS0_DD0_Del1_Pred6_data.pdf
> <./DAT2_A1_DS0_DD0_Del1_Pred12_data.pdf> <./DAT2_A2_DS0_DD0_Del1_Pred5_data.p
df> <./DAT2_A2_DS0_DD0_Del1_Pred6_data.pdf> <./DAT2_A2_DS0_DD0_Del1_Pred12_data
.pdf> <./DAT2_A3_DS0_DD0_Del1_Pred5_data.pdf> <./DAT2_A3_DS0_DD0_Del1_Pred6_dat
a.pdf> <./DAT2_A3_DS0_DD0_Del1_Pred12_data.pdf> <./DAT2_A4_DS0_DD0_Del1_Pred5_d
ata.pdf> <./DAT2_A4_DS0_DD0_Del1_Pred6_data.pdf> <./DAT2_A4_DS0_DD0_Del1_Pred12
_data.pdf> <./DAT2_A5_DS0_DD0_Del1_Pred5_data.pdf> <./DAT2_A5_DS0_DD0_Del1_Pred
6_data.pdf> <./DAT2_A5_DS0_DD0_Del1_Pred12_data.pdf>]
<DAT1_DD1_Del1_data.pdf, id=845, 578.16pt x 433.62pt>
File: DAT1_DD1_Del1_data.pdf Graphic file (type pdf)

<use DAT1_DD1_Del1_data.pdf>
Package pdftex.def Info: DAT1_DD1_Del1_data.pdf used on input line 248.
(pdftex.def)             Requested size: 163.7899pt x 129.84921pt.

<DAT1_DD1_Del1_datazoom.pdf, id=847, 578.16pt x 433.62pt>
File: DAT1_DD1_Del1_datazoom.pdf Graphic file (type pdf)

<use DAT1_DD1_Del1_datazoom.pdf>
Package pdftex.def Info: DAT1_DD1_Del1_datazoom.pdf used on input line 249.
(pdftex.def)             Requested size: 163.7899pt x 129.84921pt.

<DAT1_DD1_Del1_datacov.pdf, id=849, 578.16pt x 433.62pt>
File: DAT1_DD1_Del1_datacov.pdf Graphic file (type pdf)

<use DAT1_DD1_Del1_datacov.pdf>
Package pdftex.def Info: DAT1_DD1_Del1_datacov.pdf used on input line 250.
(pdftex.def)             Requested size: 163.7899pt x 129.84921pt.

<DAT1_DD1_Del1_SDR__AR.pdf, id=851, 578.16pt x 433.62pt>
File: DAT1_DD1_Del1_SDR__AR.pdf Graphic file (type pdf)

<use DAT1_DD1_Del1_SDR__AR.pdf>
Package pdftex.def Info: DAT1_DD1_Del1_SDR__AR.pdf used on input line 252.
(pdftex.def)             Requested size: 163.7899pt x 129.84921pt.

<DAT1_DD1_Del1_RHO__AR.pdf, id=853, 578.16pt x 433.62pt>
File: DAT1_DD1_Del1_RHO__AR.pdf Graphic file (type pdf)

<use DAT1_DD1_Del1_RHO__AR.pdf>
Package pdftex.def Info: DAT1_DD1_Del1_RHO__AR.pdf used on input line 253.
(pdftex.def)             Requested size: 163.7899pt x 129.84921pt.

<DAT1_DD1_Del1_SDRbaseD__AR.pdf, id=855, 578.16pt x 433.62pt>
File: DAT1_DD1_Del1_SDRbaseD__AR.pdf Graphic file (type pdf)

<use DAT1_DD1_Del1_SDRbaseD__AR.pdf>
Package pdftex.def Info: DAT1_DD1_Del1_SDRbaseD__AR.pdf used on input line 254.

(pdftex.def)             Requested size: 163.7899pt x 129.84921pt.

<DAT1_DD1_Del1_SDR__ARMA.pdf, id=857, 578.16pt x 433.62pt>
File: DAT1_DD1_Del1_SDR__ARMA.pdf Graphic file (type pdf)

<use DAT1_DD1_Del1_SDR__ARMA.pdf>
Package pdftex.def Info: DAT1_DD1_Del1_SDR__ARMA.pdf used on input line 255.
(pdftex.def)             Requested size: 163.7899pt x 129.84921pt.

<DAT1_DD1_Del1_RHO__ARMA.pdf, id=859, 578.16pt x 433.62pt>
File: DAT1_DD1_Del1_RHO__ARMA.pdf Graphic file (type pdf)

<use DAT1_DD1_Del1_RHO__ARMA.pdf>
Package pdftex.def Info: DAT1_DD1_Del1_RHO__ARMA.pdf used on input line 256.
(pdftex.def)             Requested size: 163.7899pt x 129.84921pt.

<DAT1_DD1_Del1_SDRbaseD__ARMA.pdf, id=861, 578.16pt x 433.62pt>
File: DAT1_DD1_Del1_SDRbaseD__ARMA.pdf Graphic file (type pdf)

<use DAT1_DD1_Del1_SDRbaseD__ARMA.pdf>
Package pdftex.def Info: DAT1_DD1_Del1_SDRbaseD__ARMA.pdf used on input line 25
7.
(pdftex.def)             Requested size: 163.7899pt x 129.84921pt.

<DAT1_DD1_Del1_SDR__NN.pdf, id=863, 578.16pt x 433.62pt>
File: DAT1_DD1_Del1_SDR__NN.pdf Graphic file (type pdf)

<use DAT1_DD1_Del1_SDR__NN.pdf>
Package pdftex.def Info: DAT1_DD1_Del1_SDR__NN.pdf used on input line 258.
(pdftex.def)             Requested size: 163.7899pt x 129.84921pt.

<DAT1_DD1_Del1_RHO__NN.pdf, id=865, 578.16pt x 433.62pt>
File: DAT1_DD1_Del1_RHO__NN.pdf Graphic file (type pdf)

<use DAT1_DD1_Del1_RHO__NN.pdf>
Package pdftex.def Info: DAT1_DD1_Del1_RHO__NN.pdf used on input line 259.
(pdftex.def)             Requested size: 163.7899pt x 129.84921pt.

<DAT1_DD1_Del1_SDRbaseD__NN.pdf, id=867, 578.16pt x 433.62pt>
File: DAT1_DD1_Del1_SDRbaseD__NN.pdf Graphic file (type pdf)

<use DAT1_DD1_Del1_SDRbaseD__NN.pdf>
Package pdftex.def Info: DAT1_DD1_Del1_SDRbaseD__NN.pdf used on input line 260.

(pdftex.def)             Requested size: 163.7899pt x 129.84921pt.

<DAT1_DD1_Del1_SDR__AR_NN.pdf, id=869, 578.16pt x 433.62pt>
File: DAT1_DD1_Del1_SDR__AR_NN.pdf Graphic file (type pdf)

<use DAT1_DD1_Del1_SDR__AR_NN.pdf>
Package pdftex.def Info: DAT1_DD1_Del1_SDR__AR_NN.pdf used on input line 261.
(pdftex.def)             Requested size: 163.7899pt x 129.84921pt.

<DAT1_DD1_Del1_RHO__AR_NN.pdf, id=871, 578.16pt x 433.62pt>
File: DAT1_DD1_Del1_RHO__AR_NN.pdf Graphic file (type pdf)

<use DAT1_DD1_Del1_RHO__AR_NN.pdf>
Package pdftex.def Info: DAT1_DD1_Del1_RHO__AR_NN.pdf used on input line 262.
(pdftex.def)             Requested size: 163.7899pt x 129.84921pt.

<DAT1_DD1_Del1_SDRbaseD__AR_NN.pdf, id=873, 578.16pt x 433.62pt>
File: DAT1_DD1_Del1_SDRbaseD__AR_NN.pdf Graphic file (type pdf)

<use DAT1_DD1_Del1_SDRbaseD__AR_NN.pdf>
Package pdftex.def Info: DAT1_DD1_Del1_SDRbaseD__AR_NN.pdf used on input line 2
63.
(pdftex.def)             Requested size: 163.7899pt x 129.84921pt.

Overfull \hbox (1.03943pt too wide) in paragraph at lines 247--265
[] 
 []

[9

 <./DAT1_DD1_Del1_data.pdf> <./DAT1_DD1_Del1_datazoom.pdf> <./DAT1_DD1_Del1_dat
acov.pdf> <./DAT1_DD1_Del1_SDR__AR.pdf> <./DAT1_DD1_Del1_RHO__AR.pdf> <./DAT1_D
D1_Del1_SDRbaseD__AR.pdf> <./DAT1_DD1_Del1_SDR__ARMA.pdf> <./DAT1_DD1_Del1_RHO_
_ARMA.pdf> <./DAT1_DD1_Del1_SDRbaseD__ARMA.pdf> <./DAT1_DD1_Del1_SDR__NN.pdf> <
./DAT1_DD1_Del1_RHO__NN.pdf> <./DAT1_DD1_Del1_SDRbaseD__NN.pdf> <./DAT1_DD1_Del
1_SDR__AR_NN.pdf> <./DAT1_DD1_Del1_RHO__AR_NN.pdf> <./DAT1_DD1_Del1_SDRbaseD__A
R_NN.pdf>] <DAT1_DD1_Del1_SDR__SVM_poly.pdf, id=979, 578.16pt x 433.62pt>
File: DAT1_DD1_Del1_SDR__SVM_poly.pdf Graphic file (type pdf)

<use DAT1_DD1_Del1_SDR__SVM_poly.pdf>
Package pdftex.def Info: DAT1_DD1_Del1_SDR__SVM_poly.pdf used on input line 267
.
(pdftex.def)             Requested size: 163.7899pt x 129.84921pt.

<DAT1_DD1_Del1_RHO__SVM_poly.pdf, id=981, 578.16pt x 433.62pt>
File: DAT1_DD1_Del1_RHO__SVM_poly.pdf Graphic file (type pdf)

<use DAT1_DD1_Del1_RHO__SVM_poly.pdf>
Package pdftex.def Info: DAT1_DD1_Del1_RHO__SVM_poly.pdf used on input line 268
.
(pdftex.def)             Requested size: 163.7899pt x 129.84921pt.

<DAT1_DD1_Del1_SDRbaseD__SVM_poly.pdf, id=983, 578.16pt x 433.62pt>
File: DAT1_DD1_Del1_SDRbaseD__SVM_poly.pdf Graphic file (type pdf)

<use DAT1_DD1_Del1_SDRbaseD__SVM_poly.pdf>
Package pdftex.def Info: DAT1_DD1_Del1_SDRbaseD__SVM_poly.pdf used on input lin
e 269.
(pdftex.def)             Requested size: 163.7899pt x 129.84921pt.

<DAT1_DD1_Del1_SDR__AR_SVM_poly.pdf, id=985, 578.16pt x 433.62pt>
File: DAT1_DD1_Del1_SDR__AR_SVM_poly.pdf Graphic file (type pdf)

<use DAT1_DD1_Del1_SDR__AR_SVM_poly.pdf>
Package pdftex.def Info: DAT1_DD1_Del1_SDR__AR_SVM_poly.pdf used on input line 
270.
(pdftex.def)             Requested size: 163.7899pt x 129.84921pt.

<DAT1_DD1_Del1_RHO__AR_SVM_poly.pdf, id=987, 578.16pt x 433.62pt>
File: DAT1_DD1_Del1_RHO__AR_SVM_poly.pdf Graphic file (type pdf)

<use DAT1_DD1_Del1_RHO__AR_SVM_poly.pdf>
Package pdftex.def Info: DAT1_DD1_Del1_RHO__AR_SVM_poly.pdf used on input line 
271.
(pdftex.def)             Requested size: 163.7899pt x 129.84921pt.

<DAT1_DD1_Del1_SDRbaseD__AR_SVM_poly.pdf, id=989, 578.16pt x 433.62pt>
File: DAT1_DD1_Del1_SDRbaseD__AR_SVM_poly.pdf Graphic file (type pdf)

<use DAT1_DD1_Del1_SDRbaseD__AR_SVM_poly.pdf>
Package pdftex.def Info: DAT1_DD1_Del1_SDRbaseD__AR_SVM_poly.pdf used on input 
line 272.
(pdftex.def)             Requested size: 163.7899pt x 129.84921pt.

<DAT1_DD1_Del1_SDR__SVM_gaussian.pdf, id=991, 578.16pt x 433.62pt>
File: DAT1_DD1_Del1_SDR__SVM_gaussian.pdf Graphic file (type pdf)

<use DAT1_DD1_Del1_SDR__SVM_gaussian.pdf>
Package pdftex.def Info: DAT1_DD1_Del1_SDR__SVM_gaussian.pdf used on input line
 273.
(pdftex.def)             Requested size: 163.7899pt x 129.84921pt.

<DAT1_DD1_Del1_RHO__SVM_gaussian.pdf, id=993, 578.16pt x 433.62pt>
File: DAT1_DD1_Del1_RHO__SVM_gaussian.pdf Graphic file (type pdf)

<use DAT1_DD1_Del1_RHO__SVM_gaussian.pdf>
Package pdftex.def Info: DAT1_DD1_Del1_RHO__SVM_gaussian.pdf used on input line
 274.
(pdftex.def)             Requested size: 163.7899pt x 129.84921pt.

<DAT1_DD1_Del1_SDRbaseD__SVM_gaussian.pdf, id=995, 578.16pt x 433.62pt>
File: DAT1_DD1_Del1_SDRbaseD__SVM_gaussian.pdf Graphic file (type pdf)

<use DAT1_DD1_Del1_SDRbaseD__SVM_gaussian.pdf>
Package pdftex.def Info: DAT1_DD1_Del1_SDRbaseD__SVM_gaussian.pdf used on input
 line 275.
(pdftex.def)             Requested size: 163.7899pt x 129.84921pt.

<DAT1_DD1_Del1_SDR__AR_SVM_gaussian.pdf, id=997, 578.16pt x 433.62pt>
File: DAT1_DD1_Del1_SDR__AR_SVM_gaussian.pdf Graphic file (type pdf)

<use DAT1_DD1_Del1_SDR__AR_SVM_gaussian.pdf>
Package pdftex.def Info: DAT1_DD1_Del1_SDR__AR_SVM_gaussian.pdf used on input l
ine 276.
(pdftex.def)             Requested size: 163.7899pt x 129.84921pt.

<DAT1_DD1_Del1_RHO__AR_SVM_gaussian.pdf, id=999, 578.16pt x 433.62pt>
File: DAT1_DD1_Del1_RHO__AR_SVM_gaussian.pdf Graphic file (type pdf)

<use DAT1_DD1_Del1_RHO__AR_SVM_gaussian.pdf>
Package pdftex.def Info: DAT1_DD1_Del1_RHO__AR_SVM_gaussian.pdf used on input l
ine 277.
(pdftex.def)             Requested size: 163.7899pt x 129.84921pt.

<DAT1_DD1_Del1_SDRbaseD__AR_SVM_gaussian.pdf, id=1001, 578.16pt x 433.62pt>
File: DAT1_DD1_Del1_SDRbaseD__AR_SVM_gaussian.pdf Graphic file (type pdf)

<use DAT1_DD1_Del1_SDRbaseD__AR_SVM_gaussian.pdf>
Package pdftex.def Info: DAT1_DD1_Del1_SDRbaseD__AR_SVM_gaussian.pdf used on in
put line 278.
(pdftex.def)             Requested size: 163.7899pt x 129.84921pt.

Overfull \hbox (1.03943pt too wide) in paragraph at lines 266--280
[] 
 []

[10

 <./DAT1_DD1_Del1_SDR__SVM_poly.pdf> <./DAT1_DD1_Del1_RHO__SVM_poly.pdf> <./DAT
1_DD1_Del1_SDRbaseD__SVM_poly.pdf> <./DAT1_DD1_Del1_SDR__AR_SVM_poly.pdf> <./DA
T1_DD1_Del1_RHO__AR_SVM_poly.pdf> <./DAT1_DD1_Del1_SDRbaseD__AR_SVM_poly.pdf> <
./DAT1_DD1_Del1_SDR__SVM_gaussian.pdf> <./DAT1_DD1_Del1_RHO__SVM_gaussian.pdf> 
<./DAT1_DD1_Del1_SDRbaseD__SVM_gaussian.pdf> <./DAT1_DD1_Del1_SDR__AR_SVM_gauss
ian.pdf> <./DAT1_DD1_Del1_RHO__AR_SVM_gaussian.pdf> <./DAT1_DD1_Del1_SDRbaseD__
AR_SVM_gaussian.pdf>]
<DAT2_DD1_Del1_data.pdf, id=1084, 578.16pt x 433.62pt>
File: DAT2_DD1_Del1_data.pdf Graphic file (type pdf)

<use DAT2_DD1_Del1_data.pdf>
Package pdftex.def Info: DAT2_DD1_Del1_data.pdf used on input line 285.
(pdftex.def)             Requested size: 163.7899pt x 129.84921pt.

<DAT2_DD1_Del1_datazoom.pdf, id=1086, 578.16pt x 433.62pt>
File: DAT2_DD1_Del1_datazoom.pdf Graphic file (type pdf)

<use DAT2_DD1_Del1_datazoom.pdf>
Package pdftex.def Info: DAT2_DD1_Del1_datazoom.pdf used on input line 286.
(pdftex.def)             Requested size: 163.7899pt x 129.84921pt.

<DAT2_DD1_Del1_datacov.pdf, id=1088, 578.16pt x 433.62pt>
File: DAT2_DD1_Del1_datacov.pdf Graphic file (type pdf)

<use DAT2_DD1_Del1_datacov.pdf>
Package pdftex.def Info: DAT2_DD1_Del1_datacov.pdf used on input line 287.
(pdftex.def)             Requested size: 163.7899pt x 129.84921pt.

<DAT2_DD1_Del1_SDR__AR.pdf, id=1090, 578.16pt x 433.62pt>
File: DAT2_DD1_Del1_SDR__AR.pdf Graphic file (type pdf)

<use DAT2_DD1_Del1_SDR__AR.pdf>
Package pdftex.def Info: DAT2_DD1_Del1_SDR__AR.pdf used on input line 289.
(pdftex.def)             Requested size: 163.7899pt x 129.84921pt.

<DAT2_DD1_Del1_RHO__AR.pdf, id=1092, 578.16pt x 433.62pt>
File: DAT2_DD1_Del1_RHO__AR.pdf Graphic file (type pdf)

<use DAT2_DD1_Del1_RHO__AR.pdf>
Package pdftex.def Info: DAT2_DD1_Del1_RHO__AR.pdf used on input line 290.
(pdftex.def)             Requested size: 163.7899pt x 129.84921pt.

<DAT2_DD1_Del1_SDRbaseD__AR.pdf, id=1094, 578.16pt x 433.62pt>
File: DAT2_DD1_Del1_SDRbaseD__AR.pdf Graphic file (type pdf)

<use DAT2_DD1_Del1_SDRbaseD__AR.pdf>
Package pdftex.def Info: DAT2_DD1_Del1_SDRbaseD__AR.pdf used on input line 291.

(pdftex.def)             Requested size: 163.7899pt x 129.84921pt.

<DAT2_DD1_Del1_SDR__ARMA.pdf, id=1096, 578.16pt x 433.62pt>
File: DAT2_DD1_Del1_SDR__ARMA.pdf Graphic file (type pdf)

<use DAT2_DD1_Del1_SDR__ARMA.pdf>
Package pdftex.def Info: DAT2_DD1_Del1_SDR__ARMA.pdf used on input line 292.
(pdftex.def)             Requested size: 163.7899pt x 129.84921pt.

<DAT2_DD1_Del1_RHO__ARMA.pdf, id=1098, 578.16pt x 433.62pt>
File: DAT2_DD1_Del1_RHO__ARMA.pdf Graphic file (type pdf)

<use DAT2_DD1_Del1_RHO__ARMA.pdf>
Package pdftex.def Info: DAT2_DD1_Del1_RHO__ARMA.pdf used on input line 293.
(pdftex.def)             Requested size: 163.7899pt x 129.84921pt.

<DAT2_DD1_Del1_SDRbaseD__ARMA.pdf, id=1100, 578.16pt x 433.62pt>
File: DAT2_DD1_Del1_SDRbaseD__ARMA.pdf Graphic file (type pdf)

<use DAT2_DD1_Del1_SDRbaseD__ARMA.pdf>
Package pdftex.def Info: DAT2_DD1_Del1_SDRbaseD__ARMA.pdf used on input line 29
4.
(pdftex.def)             Requested size: 163.7899pt x 129.84921pt.

<DAT2_DD1_Del1_SDR__NN.pdf, id=1102, 578.16pt x 433.62pt>
File: DAT2_DD1_Del1_SDR__NN.pdf Graphic file (type pdf)

<use DAT2_DD1_Del1_SDR__NN.pdf>
Package pdftex.def Info: DAT2_DD1_Del1_SDR__NN.pdf used on input line 295.
(pdftex.def)             Requested size: 163.7899pt x 129.84921pt.

<DAT2_DD1_Del1_RHO__NN.pdf, id=1104, 578.16pt x 433.62pt>
File: DAT2_DD1_Del1_RHO__NN.pdf Graphic file (type pdf)

<use DAT2_DD1_Del1_RHO__NN.pdf>
Package pdftex.def Info: DAT2_DD1_Del1_RHO__NN.pdf used on input line 296.
(pdftex.def)             Requested size: 163.7899pt x 129.84921pt.

<DAT2_DD1_Del1_SDRbaseD__NN.pdf, id=1106, 578.16pt x 433.62pt>
File: DAT2_DD1_Del1_SDRbaseD__NN.pdf Graphic file (type pdf)

<use DAT2_DD1_Del1_SDRbaseD__NN.pdf>
Package pdftex.def Info: DAT2_DD1_Del1_SDRbaseD__NN.pdf used on input line 297.

(pdftex.def)             Requested size: 163.7899pt x 129.84921pt.

<DAT2_DD1_Del1_SDR__AR_NN.pdf, id=1108, 578.16pt x 433.62pt>
File: DAT2_DD1_Del1_SDR__AR_NN.pdf Graphic file (type pdf)

<use DAT2_DD1_Del1_SDR__AR_NN.pdf>
Package pdftex.def Info: DAT2_DD1_Del1_SDR__AR_NN.pdf used on input line 298.
(pdftex.def)             Requested size: 163.7899pt x 129.84921pt.

<DAT2_DD1_Del1_RHO__AR_NN.pdf, id=1110, 578.16pt x 433.62pt>
File: DAT2_DD1_Del1_RHO__AR_NN.pdf Graphic file (type pdf)

<use DAT2_DD1_Del1_RHO__AR_NN.pdf>
Package pdftex.def Info: DAT2_DD1_Del1_RHO__AR_NN.pdf used on input line 299.
(pdftex.def)             Requested size: 163.7899pt x 129.84921pt.

<DAT2_DD1_Del1_SDRbaseD__AR_NN.pdf, id=1112, 578.16pt x 433.62pt>
File: DAT2_DD1_Del1_SDRbaseD__AR_NN.pdf Graphic file (type pdf)

<use DAT2_DD1_Del1_SDRbaseD__AR_NN.pdf>
Package pdftex.def Info: DAT2_DD1_Del1_SDRbaseD__AR_NN.pdf used on input line 3
00.
(pdftex.def)             Requested size: 163.7899pt x 129.84921pt.

Overfull \hbox (1.03943pt too wide) in paragraph at lines 284--302
[] 
 []

[11

 <./DAT2_DD1_Del1_data.pdf> <./DAT2_DD1_Del1_datazoom.pdf> <./DAT2_DD1_Del1_dat
acov.pdf> <./DAT2_DD1_Del1_SDR__AR.pdf> <./DAT2_DD1_Del1_RHO__AR.pdf> <./DAT2_D
D1_Del1_SDRbaseD__AR.pdf> <./DAT2_DD1_Del1_SDR__ARMA.pdf> <./DAT2_DD1_Del1_RHO_
_ARMA.pdf> <./DAT2_DD1_Del1_SDRbaseD__ARMA.pdf> <./DAT2_DD1_Del1_SDR__NN.pdf> <
./DAT2_DD1_Del1_RHO__NN.pdf> <./DAT2_DD1_Del1_SDRbaseD__NN.pdf> <./DAT2_DD1_Del
1_SDR__AR_NN.pdf> <./DAT2_DD1_Del1_RHO__AR_NN.pdf> <./DAT2_DD1_Del1_SDRbaseD__A
R_NN.pdf>] <DAT2_DD1_Del1_SDR__SVM_poly.pdf, id=1218, 578.16pt x 433.62pt>
File: DAT2_DD1_Del1_SDR__SVM_poly.pdf Graphic file (type pdf)

<use DAT2_DD1_Del1_SDR__SVM_poly.pdf>
Package pdftex.def Info: DAT2_DD1_Del1_SDR__SVM_poly.pdf used on input line 305
.
(pdftex.def)             Requested size: 163.7899pt x 129.84921pt.

<DAT2_DD1_Del1_RHO__SVM_poly.pdf, id=1220, 578.16pt x 433.62pt>
File: DAT2_DD1_Del1_RHO__SVM_poly.pdf Graphic file (type pdf)

<use DAT2_DD1_Del1_RHO__SVM_poly.pdf>
Package pdftex.def Info: DAT2_DD1_Del1_RHO__SVM_poly.pdf used on input line 306
.
(pdftex.def)             Requested size: 163.7899pt x 129.84921pt.

<DAT2_DD1_Del1_SDRbaseD__SVM_poly.pdf, id=1222, 578.16pt x 433.62pt>
File: DAT2_DD1_Del1_SDRbaseD__SVM_poly.pdf Graphic file (type pdf)

<use DAT2_DD1_Del1_SDRbaseD__SVM_poly.pdf>
Package pdftex.def Info: DAT2_DD1_Del1_SDRbaseD__SVM_poly.pdf used on input lin
e 307.
(pdftex.def)             Requested size: 163.7899pt x 129.84921pt.

<DAT2_DD1_Del1_SDR__AR_SVM_poly.pdf, id=1224, 578.16pt x 433.62pt>
File: DAT2_DD1_Del1_SDR__AR_SVM_poly.pdf Graphic file (type pdf)

<use DAT2_DD1_Del1_SDR__AR_SVM_poly.pdf>
Package pdftex.def Info: DAT2_DD1_Del1_SDR__AR_SVM_poly.pdf used on input line 
308.
(pdftex.def)             Requested size: 163.7899pt x 129.84921pt.

<DAT2_DD1_Del1_RHO__AR_SVM_poly.pdf, id=1226, 578.16pt x 433.62pt>
File: DAT2_DD1_Del1_RHO__AR_SVM_poly.pdf Graphic file (type pdf)

<use DAT2_DD1_Del1_RHO__AR_SVM_poly.pdf>
Package pdftex.def Info: DAT2_DD1_Del1_RHO__AR_SVM_poly.pdf used on input line 
309.
(pdftex.def)             Requested size: 163.7899pt x 129.84921pt.

<DAT2_DD1_Del1_SDRbaseD__AR_SVM_poly.pdf, id=1228, 578.16pt x 433.62pt>
File: DAT2_DD1_Del1_SDRbaseD__AR_SVM_poly.pdf Graphic file (type pdf)

<use DAT2_DD1_Del1_SDRbaseD__AR_SVM_poly.pdf>
Package pdftex.def Info: DAT2_DD1_Del1_SDRbaseD__AR_SVM_poly.pdf used on input 
line 310.
(pdftex.def)             Requested size: 163.7899pt x 129.84921pt.

<DAT2_DD1_Del1_SDR__SVM_gaussian.pdf, id=1230, 578.16pt x 433.62pt>
File: DAT2_DD1_Del1_SDR__SVM_gaussian.pdf Graphic file (type pdf)

<use DAT2_DD1_Del1_SDR__SVM_gaussian.pdf>
Package pdftex.def Info: DAT2_DD1_Del1_SDR__SVM_gaussian.pdf used on input line
 311.
(pdftex.def)             Requested size: 163.7899pt x 129.84921pt.

<DAT2_DD1_Del1_RHO__SVM_gaussian.pdf, id=1232, 578.16pt x 433.62pt>
File: DAT2_DD1_Del1_RHO__SVM_gaussian.pdf Graphic file (type pdf)

<use DAT2_DD1_Del1_RHO__SVM_gaussian.pdf>
Package pdftex.def Info: DAT2_DD1_Del1_RHO__SVM_gaussian.pdf used on input line
 312.
(pdftex.def)             Requested size: 163.7899pt x 129.84921pt.

<DAT2_DD1_Del1_SDRbaseD__SVM_gaussian.pdf, id=1234, 578.16pt x 433.62pt>
File: DAT2_DD1_Del1_SDRbaseD__SVM_gaussian.pdf Graphic file (type pdf)

<use DAT2_DD1_Del1_SDRbaseD__SVM_gaussian.pdf>
Package pdftex.def Info: DAT2_DD1_Del1_SDRbaseD__SVM_gaussian.pdf used on input
 line 313.
(pdftex.def)             Requested size: 163.7899pt x 129.84921pt.

<DAT2_DD1_Del1_SDR__AR_SVM_gaussian.pdf, id=1236, 578.16pt x 433.62pt>
File: DAT2_DD1_Del1_SDR__AR_SVM_gaussian.pdf Graphic file (type pdf)

<use DAT2_DD1_Del1_SDR__AR_SVM_gaussian.pdf>
Package pdftex.def Info: DAT2_DD1_Del1_SDR__AR_SVM_gaussian.pdf used on input l
ine 314.
(pdftex.def)             Requested size: 163.7899pt x 129.84921pt.

<DAT2_DD1_Del1_RHO__AR_SVM_gaussian.pdf, id=1238, 578.16pt x 433.62pt>
File: DAT2_DD1_Del1_RHO__AR_SVM_gaussian.pdf Graphic file (type pdf)

<use DAT2_DD1_Del1_RHO__AR_SVM_gaussian.pdf>
Package pdftex.def Info: DAT2_DD1_Del1_RHO__AR_SVM_gaussian.pdf used on input l
ine 315.
(pdftex.def)             Requested size: 163.7899pt x 129.84921pt.

<DAT2_DD1_Del1_SDRbaseD__AR_SVM_gaussian.pdf, id=1240, 578.16pt x 433.62pt>
File: DAT2_DD1_Del1_SDRbaseD__AR_SVM_gaussian.pdf Graphic file (type pdf)

<use DAT2_DD1_Del1_SDRbaseD__AR_SVM_gaussian.pdf>
Package pdftex.def Info: DAT2_DD1_Del1_SDRbaseD__AR_SVM_gaussian.pdf used on in
put line 316.
(pdftex.def)             Requested size: 163.7899pt x 129.84921pt.

Overfull \hbox (1.03943pt too wide) in paragraph at lines 304--318
[] 
 []

[12

 <./DAT2_DD1_Del1_SDR__SVM_poly.pdf> <./DAT2_DD1_Del1_RHO__SVM_poly.pdf> <./DAT
2_DD1_Del1_SDRbaseD__SVM_poly.pdf> <./DAT2_DD1_Del1_SDR__AR_SVM_poly.pdf> <./DA
T2_DD1_Del1_RHO__AR_SVM_poly.pdf> <./DAT2_DD1_Del1_SDRbaseD__AR_SVM_poly.pdf> <
./DAT2_DD1_Del1_SDR__SVM_gaussian.pdf> <./DAT2_DD1_Del1_RHO__SVM_gaussian.pdf> 
<./DAT2_DD1_Del1_SDRbaseD__SVM_gaussian.pdf> <./DAT2_DD1_Del1_SDR__AR_SVM_gauss
ian.pdf> <./DAT2_DD1_Del1_RHO__AR_SVM_gaussian.pdf> <./DAT2_DD1_Del1_SDRbaseD__
AR_SVM_gaussian.pdf>]
<DAT1_A1_DS0_DD1_Del1_Pred5_data.pdf, id=1323, 578.16pt x 433.62pt>
File: DAT1_A1_DS0_DD1_Del1_Pred5_data.pdf Graphic file (type pdf)

<use DAT1_A1_DS0_DD1_Del1_Pred5_data.pdf>
Package pdftex.def Info: DAT1_A1_DS0_DD1_Del1_Pred5_data.pdf used on input line
 326.
(pdftex.def)             Requested size: 163.7899pt x 129.84921pt.

<DAT1_A1_DS0_DD1_Del1_Pred6_data.pdf, id=1325, 578.16pt x 433.62pt>
File: DAT1_A1_DS0_DD1_Del1_Pred6_data.pdf Graphic file (type pdf)

<use DAT1_A1_DS0_DD1_Del1_Pred6_data.pdf>
Package pdftex.def Info: DAT1_A1_DS0_DD1_Del1_Pred6_data.pdf used on input line
 327.
(pdftex.def)             Requested size: 163.7899pt x 129.84921pt.

<DAT1_A1_DS0_DD1_Del1_Pred12_data.pdf, id=1327, 578.16pt x 433.62pt>
File: DAT1_A1_DS0_DD1_Del1_Pred12_data.pdf Graphic file (type pdf)

<use DAT1_A1_DS0_DD1_Del1_Pred12_data.pdf>
Package pdftex.def Info: DAT1_A1_DS0_DD1_Del1_Pred12_data.pdf used on input lin
e 328.
(pdftex.def)             Requested size: 163.7899pt x 129.84921pt.

<DAT1_A2_DS0_DD1_Del1_Pred5_data.pdf, id=1329, 578.16pt x 433.62pt>
File: DAT1_A2_DS0_DD1_Del1_Pred5_data.pdf Graphic file (type pdf)

<use DAT1_A2_DS0_DD1_Del1_Pred5_data.pdf>
Package pdftex.def Info: DAT1_A2_DS0_DD1_Del1_Pred5_data.pdf used on input line
 330.
(pdftex.def)             Requested size: 163.7899pt x 129.84921pt.

<DAT1_A2_DS0_DD1_Del1_Pred6_data.pdf, id=1331, 578.16pt x 433.62pt>
File: DAT1_A2_DS0_DD1_Del1_Pred6_data.pdf Graphic file (type pdf)

<use DAT1_A2_DS0_DD1_Del1_Pred6_data.pdf>
Package pdftex.def Info: DAT1_A2_DS0_DD1_Del1_Pred6_data.pdf used on input line
 331.
(pdftex.def)             Requested size: 163.7899pt x 129.84921pt.

<DAT1_A2_DS0_DD1_Del1_Pred12_data.pdf, id=1333, 578.16pt x 433.62pt>
File: DAT1_A2_DS0_DD1_Del1_Pred12_data.pdf Graphic file (type pdf)

<use DAT1_A2_DS0_DD1_Del1_Pred12_data.pdf>
Package pdftex.def Info: DAT1_A2_DS0_DD1_Del1_Pred12_data.pdf used on input lin
e 332.
(pdftex.def)             Requested size: 163.7899pt x 129.84921pt.

<DAT1_A3_DS0_DD1_Del1_Pred5_data.pdf, id=1335, 578.16pt x 433.62pt>
File: DAT1_A3_DS0_DD1_Del1_Pred5_data.pdf Graphic file (type pdf)

<use DAT1_A3_DS0_DD1_Del1_Pred5_data.pdf>
Package pdftex.def Info: DAT1_A3_DS0_DD1_Del1_Pred5_data.pdf used on input line
 334.
(pdftex.def)             Requested size: 163.7899pt x 129.84921pt.

<DAT1_A3_DS0_DD1_Del1_Pred6_data.pdf, id=1337, 578.16pt x 433.62pt>
File: DAT1_A3_DS0_DD1_Del1_Pred6_data.pdf Graphic file (type pdf)

<use DAT1_A3_DS0_DD1_Del1_Pred6_data.pdf>
Package pdftex.def Info: DAT1_A3_DS0_DD1_Del1_Pred6_data.pdf used on input line
 335.
(pdftex.def)             Requested size: 163.7899pt x 129.84921pt.

<DAT1_A3_DS0_DD1_Del1_Pred12_data.pdf, id=1339, 578.16pt x 433.62pt>
File: DAT1_A3_DS0_DD1_Del1_Pred12_data.pdf Graphic file (type pdf)

<use DAT1_A3_DS0_DD1_Del1_Pred12_data.pdf>
Package pdftex.def Info: DAT1_A3_DS0_DD1_Del1_Pred12_data.pdf used on input lin
e 336.
(pdftex.def)             Requested size: 163.7899pt x 129.84921pt.

<DAT1_A4_DS0_DD1_Del1_Pred5_data.pdf, id=1341, 578.16pt x 433.62pt>
File: DAT1_A4_DS0_DD1_Del1_Pred5_data.pdf Graphic file (type pdf)

<use DAT1_A4_DS0_DD1_Del1_Pred5_data.pdf>
Package pdftex.def Info: DAT1_A4_DS0_DD1_Del1_Pred5_data.pdf used on input line
 338.
(pdftex.def)             Requested size: 163.7899pt x 129.84921pt.

<DAT1_A4_DS0_DD1_Del1_Pred6_data.pdf, id=1343, 578.16pt x 433.62pt>
File: DAT1_A4_DS0_DD1_Del1_Pred6_data.pdf Graphic file (type pdf)

<use DAT1_A4_DS0_DD1_Del1_Pred6_data.pdf>
Package pdftex.def Info: DAT1_A4_DS0_DD1_Del1_Pred6_data.pdf used on input line
 339.
(pdftex.def)             Requested size: 163.7899pt x 129.84921pt.

<DAT1_A4_DS0_DD1_Del1_Pred12_data.pdf, id=1345, 578.16pt x 433.62pt>
File: DAT1_A4_DS0_DD1_Del1_Pred12_data.pdf Graphic file (type pdf)

<use DAT1_A4_DS0_DD1_Del1_Pred12_data.pdf>
Package pdftex.def Info: DAT1_A4_DS0_DD1_Del1_Pred12_data.pdf used on input lin
e 340.
(pdftex.def)             Requested size: 163.7899pt x 129.84921pt.

<DAT1_A5_DS0_DD1_Del1_Pred5_data.pdf, id=1347, 578.16pt x 433.62pt>
File: DAT1_A5_DS0_DD1_Del1_Pred5_data.pdf Graphic file (type pdf)

<use DAT1_A5_DS0_DD1_Del1_Pred5_data.pdf>
Package pdftex.def Info: DAT1_A5_DS0_DD1_Del1_Pred5_data.pdf used on input line
 342.
(pdftex.def)             Requested size: 163.7899pt x 129.84921pt.

<DAT1_A5_DS0_DD1_Del1_Pred6_data.pdf, id=1349, 578.16pt x 433.62pt>
File: DAT1_A5_DS0_DD1_Del1_Pred6_data.pdf Graphic file (type pdf)

<use DAT1_A5_DS0_DD1_Del1_Pred6_data.pdf>
Package pdftex.def Info: DAT1_A5_DS0_DD1_Del1_Pred6_data.pdf used on input line
 343.
(pdftex.def)             Requested size: 163.7899pt x 129.84921pt.

<DAT1_A5_DS0_DD1_Del1_Pred12_data.pdf, id=1351, 578.16pt x 433.62pt>
File: DAT1_A5_DS0_DD1_Del1_Pred12_data.pdf Graphic file (type pdf)

<use DAT1_A5_DS0_DD1_Del1_Pred12_data.pdf>
Package pdftex.def Info: DAT1_A5_DS0_DD1_Del1_Pred12_data.pdf used on input lin
e 344.
(pdftex.def)             Requested size: 163.7899pt x 129.84921pt.

Overfull \hbox (1.03943pt too wide) in paragraph at lines 323--345
[] 
 []

[13

 <./DAT1_A1_DS0_DD1_Del1_Pred5_data.pdf> <./DAT1_A1_DS0_DD1_Del1_Pred6_data.pdf
> <./DAT1_A1_DS0_DD1_Del1_Pred12_data.pdf> <./DAT1_A2_DS0_DD1_Del1_Pred5_data.p
df> <./DAT1_A2_DS0_DD1_Del1_Pred6_data.pdf> <./DAT1_A2_DS0_DD1_Del1_Pred12_data
.pdf> <./DAT1_A3_DS0_DD1_Del1_Pred5_data.pdf> <./DAT1_A3_DS0_DD1_Del1_Pred6_dat
a.pdf> <./DAT1_A3_DS0_DD1_Del1_Pred12_data.pdf> <./DAT1_A4_DS0_DD1_Del1_Pred5_d
ata.pdf> <./DAT1_A4_DS0_DD1_Del1_Pred6_data.pdf> <./DAT1_A4_DS0_DD1_Del1_Pred12
_data.pdf> <./DAT1_A5_DS0_DD1_Del1_Pred5_data.pdf> <./DAT1_A5_DS0_DD1_Del1_Pred
6_data.pdf> <./DAT1_A5_DS0_DD1_Del1_Pred12_data.pdf>]
<DAT2_A1_DS0_DD1_Del1_Pred5_data.pdf, id=1494, 578.16pt x 433.62pt>
File: DAT2_A1_DS0_DD1_Del1_Pred5_data.pdf Graphic file (type pdf)

<use DAT2_A1_DS0_DD1_Del1_Pred5_data.pdf>
Package pdftex.def Info: DAT2_A1_DS0_DD1_Del1_Pred5_data.pdf used on input line
 352.
(pdftex.def)             Requested size: 163.7899pt x 129.84921pt.

<DAT2_A1_DS0_DD1_Del1_Pred6_data.pdf, id=1496, 578.16pt x 433.62pt>
File: DAT2_A1_DS0_DD1_Del1_Pred6_data.pdf Graphic file (type pdf)

<use DAT2_A1_DS0_DD1_Del1_Pred6_data.pdf>
Package pdftex.def Info: DAT2_A1_DS0_DD1_Del1_Pred6_data.pdf used on input line
 353.
(pdftex.def)             Requested size: 163.7899pt x 129.84921pt.

<DAT2_A1_DS0_DD1_Del1_Pred12_data.pdf, id=1498, 578.16pt x 433.62pt>
File: DAT2_A1_DS0_DD1_Del1_Pred12_data.pdf Graphic file (type pdf)

<use DAT2_A1_DS0_DD1_Del1_Pred12_data.pdf>
Package pdftex.def Info: DAT2_A1_DS0_DD1_Del1_Pred12_data.pdf used on input lin
e 354.
(pdftex.def)             Requested size: 163.7899pt x 129.84921pt.

<DAT2_A2_DS0_DD1_Del1_Pred5_data.pdf, id=1500, 578.16pt x 433.62pt>
File: DAT2_A2_DS0_DD1_Del1_Pred5_data.pdf Graphic file (type pdf)

<use DAT2_A2_DS0_DD1_Del1_Pred5_data.pdf>
Package pdftex.def Info: DAT2_A2_DS0_DD1_Del1_Pred5_data.pdf used on input line
 356.
(pdftex.def)             Requested size: 163.7899pt x 129.84921pt.

<DAT2_A2_DS0_DD1_Del1_Pred6_data.pdf, id=1502, 578.16pt x 433.62pt>
File: DAT2_A2_DS0_DD1_Del1_Pred6_data.pdf Graphic file (type pdf)

<use DAT2_A2_DS0_DD1_Del1_Pred6_data.pdf>
Package pdftex.def Info: DAT2_A2_DS0_DD1_Del1_Pred6_data.pdf used on input line
 357.
(pdftex.def)             Requested size: 163.7899pt x 129.84921pt.

<DAT2_A2_DS0_DD1_Del1_Pred12_data.pdf, id=1504, 578.16pt x 433.62pt>
File: DAT2_A2_DS0_DD1_Del1_Pred12_data.pdf Graphic file (type pdf)

<use DAT2_A2_DS0_DD1_Del1_Pred12_data.pdf>
Package pdftex.def Info: DAT2_A2_DS0_DD1_Del1_Pred12_data.pdf used on input lin
e 358.
(pdftex.def)             Requested size: 163.7899pt x 129.84921pt.

<DAT2_A3_DS0_DD1_Del1_Pred5_data.pdf, id=1506, 578.16pt x 433.62pt>
File: DAT2_A3_DS0_DD1_Del1_Pred5_data.pdf Graphic file (type pdf)

<use DAT2_A3_DS0_DD1_Del1_Pred5_data.pdf>
Package pdftex.def Info: DAT2_A3_DS0_DD1_Del1_Pred5_data.pdf used on input line
 360.
(pdftex.def)             Requested size: 163.7899pt x 129.84921pt.

<DAT2_A3_DS0_DD1_Del1_Pred6_data.pdf, id=1508, 578.16pt x 433.62pt>
File: DAT2_A3_DS0_DD1_Del1_Pred6_data.pdf Graphic file (type pdf)

<use DAT2_A3_DS0_DD1_Del1_Pred6_data.pdf>
Package pdftex.def Info: DAT2_A3_DS0_DD1_Del1_Pred6_data.pdf used on input line
 361.
(pdftex.def)             Requested size: 163.7899pt x 129.84921pt.

<DAT2_A3_DS0_DD1_Del1_Pred12_data.pdf, id=1510, 578.16pt x 433.62pt>
File: DAT2_A3_DS0_DD1_Del1_Pred12_data.pdf Graphic file (type pdf)

<use DAT2_A3_DS0_DD1_Del1_Pred12_data.pdf>
Package pdftex.def Info: DAT2_A3_DS0_DD1_Del1_Pred12_data.pdf used on input lin
e 362.
(pdftex.def)             Requested size: 163.7899pt x 129.84921pt.

<DAT2_A4_DS0_DD1_Del1_Pred5_data.pdf, id=1512, 578.16pt x 433.62pt>
File: DAT2_A4_DS0_DD1_Del1_Pred5_data.pdf Graphic file (type pdf)

<use DAT2_A4_DS0_DD1_Del1_Pred5_data.pdf>
Package pdftex.def Info: DAT2_A4_DS0_DD1_Del1_Pred5_data.pdf used on input line
 364.
(pdftex.def)             Requested size: 163.7899pt x 129.84921pt.

<DAT2_A4_DS0_DD1_Del1_Pred6_data.pdf, id=1514, 578.16pt x 433.62pt>
File: DAT2_A4_DS0_DD1_Del1_Pred6_data.pdf Graphic file (type pdf)

<use DAT2_A4_DS0_DD1_Del1_Pred6_data.pdf>
Package pdftex.def Info: DAT2_A4_DS0_DD1_Del1_Pred6_data.pdf used on input line
 365.
(pdftex.def)             Requested size: 163.7899pt x 129.84921pt.

<DAT2_A4_DS0_DD1_Del1_Pred12_data.pdf, id=1516, 578.16pt x 433.62pt>
File: DAT2_A4_DS0_DD1_Del1_Pred12_data.pdf Graphic file (type pdf)

<use DAT2_A4_DS0_DD1_Del1_Pred12_data.pdf>
Package pdftex.def Info: DAT2_A4_DS0_DD1_Del1_Pred12_data.pdf used on input lin
e 366.
(pdftex.def)             Requested size: 163.7899pt x 129.84921pt.

<DAT2_A5_DS0_DD1_Del1_Pred5_data.pdf, id=1518, 578.16pt x 433.62pt>
File: DAT2_A5_DS0_DD1_Del1_Pred5_data.pdf Graphic file (type pdf)

<use DAT2_A5_DS0_DD1_Del1_Pred5_data.pdf>
Package pdftex.def Info: DAT2_A5_DS0_DD1_Del1_Pred5_data.pdf used on input line
 368.
(pdftex.def)             Requested size: 163.7899pt x 129.84921pt.

<DAT2_A5_DS0_DD1_Del1_Pred6_data.pdf, id=1520, 578.16pt x 433.62pt>
File: DAT2_A5_DS0_DD1_Del1_Pred6_data.pdf Graphic file (type pdf)

<use DAT2_A5_DS0_DD1_Del1_Pred6_data.pdf>
Package pdftex.def Info: DAT2_A5_DS0_DD1_Del1_Pred6_data.pdf used on input line
 369.
(pdftex.def)             Requested size: 163.7899pt x 129.84921pt.

<DAT2_A5_DS0_DD1_Del1_Pred12_data.pdf, id=1522, 578.16pt x 433.62pt>
File: DAT2_A5_DS0_DD1_Del1_Pred12_data.pdf Graphic file (type pdf)

<use DAT2_A5_DS0_DD1_Del1_Pred12_data.pdf>
Package pdftex.def Info: DAT2_A5_DS0_DD1_Del1_Pred12_data.pdf used on input lin
e 370.
(pdftex.def)             Requested size: 163.7899pt x 129.84921pt.

Overfull \hbox (1.03943pt too wide) in paragraph at lines 349--371
[] 
 []

[14

 <./DAT2_A1_DS0_DD1_Del1_Pred5_data.pdf> <./DAT2_A1_DS0_DD1_Del1_Pred6_data.pdf
> <./DAT2_A1_DS0_DD1_Del1_Pred12_data.pdf> <./DAT2_A2_DS0_DD1_Del1_Pred5_data.p
df> <./DAT2_A2_DS0_DD1_Del1_Pred6_data.pdf> <./DAT2_A2_DS0_DD1_Del1_Pred12_data
.pdf> <./DAT2_A3_DS0_DD1_Del1_Pred5_data.pdf> <./DAT2_A3_DS0_DD1_Del1_Pred6_dat
a.pdf> <./DAT2_A3_DS0_DD1_Del1_Pred12_data.pdf> <./DAT2_A4_DS0_DD1_Del1_Pred5_d
ata.pdf> <./DAT2_A4_DS0_DD1_Del1_Pred6_data.pdf> <./DAT2_A4_DS0_DD1_Del1_Pred12
_data.pdf> <./DAT2_A5_DS0_DD1_Del1_Pred5_data.pdf> <./DAT2_A5_DS0_DD1_Del1_Pred
6_data.pdf> <./DAT2_A5_DS0_DD1_Del1_Pred12_data.pdf>]
Package atveryend Info: Empty hook `BeforeClearDocument' on input line 374.
Package atveryend Info: Empty hook `AfterLastShipout' on input line 374.

(./_ExperimentsLot2.aux)
Package atveryend Info: Executing hook `AtVeryEndDocument' on input line 374.
Package atveryend Info: Executing hook `AtEndAfterFileList' on input line 374.
Package rerunfilecheck Info: File `_ExperimentsLot2.out' has not changed.
(rerunfilecheck)             Checksum: D41D8CD98F00B204E9800998ECF8427E;0.
Package atveryend Info: Empty hook `AtVeryVeryEnd' on input line 374.
 ) 
Here is how much of TeX's memory you used:
 10292 strings out of 493089
 171287 string characters out of 6134841
 246029 words of memory out of 5000000
 13460 multiletter control sequences out of 15000+600000
 14378 words of font info for 40 fonts, out of 8000000 for 9000
 1141 hyphenation exceptions out of 8191
 44i,11n,43p,283b,439s stack positions out of 5000i,500n,10000p,200000b,80000s
{/usr/local/texlive/2015/texmf-dist/fonts/enc/dvips/cm-super/cm-super-t1.enc}
</usr/local/texlive/2015/texmf-dist/fonts/type1/public/amsfonts/cm/cmex10.pfb><
/usr/local/texlive/2015/texmf-dist/fonts/type1/public/amsfonts/cm/cmmi10.pfb></
usr/local/texlive/2015/texmf-dist/fonts/type1/public/amsfonts/cm/cmr10.pfb></us
r/local/texlive/2015/texmf-dist/fonts/type1/public/amsfonts/cm/cmr8.pfb></usr/l
ocal/texlive/2015/texmf-dist/fonts/type1/public/amsfonts/cm/cmsy10.pfb></usr/lo
cal/texlive/2015/texmf-dist/fonts/type1/public/cm-super/sfbx1200.pfb></usr/loca
l/texlive/2015/texmf-dist/fonts/type1/public/cm-super/sfbx1440.pfb></usr/local/
texlive/2015/texmf-dist/fonts/type1/public/cm-super/sfrm1095.pfb></usr/local/te
xlive/2015/texmf-dist/fonts/type1/public/cm-super/sfti1095.pfb>
Output written on _ExperimentsLot2.pdf (14 pages, 1670503 bytes).
PDF statistics:
 1701 PDF objects out of 1728 (max. 8388607)
 1226 compressed objects within 13 object streams
 15 named destinations out of 1000 (max. 500000)
 1854 words of extra memory for PDF output out of 10000 (max. 10000000)

